Component: ARM Compiler 5.06 update 6 (build 750) Tool: armlink [4d35ed]

==============================================================================

Section Cross References

    startup_stm32f427xx.o(RESET) refers to startup_stm32f427xx.o(STACK) for __initial_sp
    startup_stm32f427xx.o(RESET) refers to startup_stm32f427xx.o(.text) for Reset_Handler
    startup_stm32f427xx.o(RESET) refers to stm32f4xx_it.o(i.NMI_Handler) for NMI_Handler
    startup_stm32f427xx.o(RESET) refers to stm32f4xx_it.o(i.HardFault_Handler) for HardFault_Handler
    startup_stm32f427xx.o(RESET) refers to stm32f4xx_it.o(i.MemManage_Handler) for MemManage_Handler
    startup_stm32f427xx.o(RESET) refers to stm32f4xx_it.o(i.BusFault_Handler) for BusFault_Handler
    startup_stm32f427xx.o(RESET) refers to stm32f4xx_it.o(i.UsageFault_Handler) for UsageFault_Handler
    startup_stm32f427xx.o(RESET) refers to stm32f4xx_it.o(i.SVC_Handler) for SVC_Handler
    startup_stm32f427xx.o(RESET) refers to stm32f4xx_it.o(i.DebugMon_Handler) for DebugMon_Handler
    startup_stm32f427xx.o(RESET) refers to stm32f4xx_it.o(i.PendSV_Handler) for PendSV_Handler
    startup_stm32f427xx.o(RESET) refers to stm32f4xx_it.o(i.SysTick_Handler) for SysTick_Handler
    startup_stm32f427xx.o(RESET) refers to stm32f4xx_it.o(i.CAN1_RX0_IRQHandler) for CAN1_RX0_IRQHandler
    startup_stm32f427xx.o(RESET) refers to stm32f4xx_it.o(i.TIM2_IRQHandler) for TIM2_IRQHandler
    startup_stm32f427xx.o(RESET) refers to stm32f4xx_it.o(i.USART1_IRQHandler) for USART1_IRQHandler
    startup_stm32f427xx.o(RESET) refers to stm32f4xx_it.o(i.DMA2_Stream2_IRQHandler) for DMA2_Stream2_IRQHandler
    startup_stm32f427xx.o(RESET) refers to stm32f4xx_it.o(i.CAN2_RX0_IRQHandler) for CAN2_RX0_IRQHandler
    startup_stm32f427xx.o(.text) refers to system_stm32f4xx.o(i.SystemInit) for SystemInit
    startup_stm32f427xx.o(.text) refers to entry.o(.ARM.Collect$$$$00000000) for __main
    imu_analysis.o(i.Filter_one) refers to imu_analysis.o(.data) for .data
    imu_analysis.o(i.Imu_TempControl) refers to imu_analysis.o(.bss) for .bss
    imu_analysis.o(i.Test_Temp) refers to imu_analysis.o(i.mpu_read_bytes) for mpu_read_bytes
    imu_analysis.o(i.Test_Temp) refers to imu_analysis.o(.bss) for .bss
    imu_analysis.o(i.imu_attitude_update) refers to f2d.o(.text) for __aeabi_f2d
    imu_analysis.o(i.imu_attitude_update) refers to asin.o(i.__hardfp_asin) for __hardfp_asin
    imu_analysis.o(i.imu_attitude_update) refers to dmul.o(.text) for __aeabi_dmul
    imu_analysis.o(i.imu_attitude_update) refers to d2f.o(.text) for __aeabi_d2f
    imu_analysis.o(i.imu_attitude_update) refers to quaternion.o(i.imuUpdate) for imuUpdate
    imu_analysis.o(i.imu_attitude_update) refers to imu_analysis.o(.bss) for .bss
    imu_analysis.o(i.ist8310_get_data) refers to imu_analysis.o(i.mpu_read_bytes) for mpu_read_bytes
    imu_analysis.o(i.ist8310_init) refers to imu_analysis.o(i.mpu_write_byte) for mpu_write_byte
    imu_analysis.o(i.ist8310_init) refers to stm32f4xx_hal.o(i.HAL_Delay) for HAL_Delay
    imu_analysis.o(i.ist8310_init) refers to imu_analysis.o(i.ist_reg_write_by_mpu) for ist_reg_write_by_mpu
    imu_analysis.o(i.ist8310_init) refers to imu_analysis.o(i.ist_reg_read_by_mpu) for ist_reg_read_by_mpu
    imu_analysis.o(i.ist8310_init) refers to imu_analysis.o(i.mpu_master_i2c_auto_read_config) for mpu_master_i2c_auto_read_config
    imu_analysis.o(i.ist_reg_read_by_mpu) refers to imu_analysis.o(i.mpu_write_byte) for mpu_write_byte
    imu_analysis.o(i.ist_reg_read_by_mpu) refers to stm32f4xx_hal.o(i.HAL_Delay) for HAL_Delay
    imu_analysis.o(i.ist_reg_read_by_mpu) refers to imu_analysis.o(i.mpu_read_byte) for mpu_read_byte
    imu_analysis.o(i.ist_reg_write_by_mpu) refers to imu_analysis.o(i.mpu_write_byte) for mpu_write_byte
    imu_analysis.o(i.ist_reg_write_by_mpu) refers to stm32f4xx_hal.o(i.HAL_Delay) for HAL_Delay
    imu_analysis.o(i.mpu_device_init) refers to stm32f4xx_hal.o(i.HAL_Delay) for HAL_Delay
    imu_analysis.o(i.mpu_device_init) refers to imu_analysis.o(i.mpu_read_byte) for mpu_read_byte
    imu_analysis.o(i.mpu_device_init) refers to memcpya.o(.text) for __aeabi_memcpy4
    imu_analysis.o(i.mpu_device_init) refers to imu_analysis.o(i.mpu_write_byte) for mpu_write_byte
    imu_analysis.o(i.mpu_device_init) refers to imu_analysis.o(i.mpu_offset_call) for mpu_offset_call
    imu_analysis.o(i.mpu_device_init) refers to f2d.o(.text) for __aeabi_f2d
    imu_analysis.o(i.mpu_device_init) refers to asin.o(i.__hardfp_asin) for __hardfp_asin
    imu_analysis.o(i.mpu_device_init) refers to d2f.o(.text) for __aeabi_d2f
    imu_analysis.o(i.mpu_device_init) refers to quaternion.o(i.quaternion_init) for quaternion_init
    imu_analysis.o(i.mpu_device_init) refers to imu_analysis.o(.data) for .data
    imu_analysis.o(i.mpu_device_init) refers to imu_analysis.o(.constdata) for .constdata
    imu_analysis.o(i.mpu_device_init) refers to imu_analysis.o(.bss) for .bss
[...]
    .text                                    0x0800026a   Section        0  memseta.o(.text)
    .text                                    0x0800028e   Section        0  dadd.o(.text)
    .text                                    0x080003dc   Section        0  dmul.o(.text)
    .text                                    0x080004c0   Section        0  ddiv.o(.text)
    .text                                    0x0800059e   Section        0  dflti.o(.text)
    .text                                    0x080005c0   Section        0  f2d.o(.text)
    .text                                    0x080005e6   Section        0  d2f.o(.text)
    .text                                    0x0800061e   Section        0  llshl.o(.text)
    .text                                    0x0800063c   Section        0  llushr.o(.text)
    .text                                    0x0800065c   Section        0  llsshr.o(.text)
    .text                                    0x08000680   Section        0  fepilogue.o(.text)
    .text                                    0x08000680   Section        0  iusefp.o(.text)
    .text                                    0x080006ee   Section        0  depilogue.o(.text)
    .text                                    0x080007a8   Section        0  dsqrt.o(.text)
    .text                                    0x0800084c   Section       36  init.o(.text)
    .text                                    0x08000870   Section        0  dfltui.o(.text)
    .text                                    0x0800088a   Section        0  dfixi.o(.text)
    i.All_Init                               0x080008c8   Section        0  init.o(i.All_Init)
    i.BASE_Init                              0x08000930   Section        0  robo_base.o(i.BASE_Init)
    i.BusFault_Handler                       0x080009cc   Section        0  stm32f4xx_it.o(i.BusFault_Handler)
    i.CAN1_RX0_IRQHandler                    0x080009d0   Section        0  stm32f4xx_it.o(i.CAN1_RX0_IRQHandler)
    i.CAN2_RX0_IRQHandler                    0x08000a18   Section        0  stm32f4xx_it.o(i.CAN2_RX0_IRQHandler)
    i.CAN_FilterConfig                       0x08000a50   Section        0  can.o(i.CAN_FilterConfig)
    i.DMA2_Stream2_IRQHandler                0x08000a88   Section        0  stm32f4xx_it.o(i.DMA2_Stream2_IRQHandler)
    i.DMA_CalcBaseAndBitshift                0x08000a94   Section        0  stm32f4xx_hal_dma.o(i.DMA_CalcBaseAndBitshift)
    DMA_CalcBaseAndBitshift                  0x08000a95   Thumb Code    34  stm32f4xx_hal_dma.o(i.DMA_CalcBaseAndBitshift)
    i.DMA_CheckFifoParam                     0x08000abc   Section        0  stm32f4xx_hal_dma.o(i.DMA_CheckFifoParam)
    DMA_CheckFifoParam                       0x08000abd   Thumb Code    84  stm32f4xx_hal_dma.o(i.DMA_CheckFifoParam)
    i.DMA_SetConfig                          0x08000b10   Section        0  stm32f4xx_hal_dma.o(i.DMA_SetConfig)
    DMA_SetConfig                            0x08000b11   Thumb Code    40  stm32f4xx_hal_dma.o(i.DMA_SetConfig)
    i.DebugMon_Handler                       0x08000b38   Section        0  stm32f4xx_it.o(i.DebugMon_Handler)
    i.Error_Handler                          0x08000b3a   Section        0  main.o(i.Error_Handler)
    i.Filter_one                             0x08000b3c   Section        0  imu_analysis.o(i.Filter_one)
    i.HAL_CAN_ActivateNotification           0x08000b68   Section        0  stm32f4xx_hal_can.o(i.HAL_CAN_ActivateNotification)
    i.HAL_CAN_ConfigFilter                   0x08000b8c   Section        0  stm32f4xx_hal_can.o(i.HAL_CAN_ConfigFilter)
    i.HAL_CAN_ErrorCallback                  0x08000c98   Section        0  stm32f4xx_hal_can.o(i.HAL_CAN_ErrorCallback)
    i.HAL_CAN_GetRxMessage                   0x08000c9a   Section        0  stm32f4xx_hal_can.o(i.HAL_CAN_GetRxMessage)
    i.HAL_CAN_IRQHandler                     0x08000d82   Section        0  stm32f4xx_hal_can.o(i.HAL_CAN_IRQHandler)
    i.HAL_CAN_Init                           0x08000f7e   Section        0  stm32f4xx_hal_can.o(i.HAL_CAN_Init)
    i.HAL_CAN_MspInit                        0x08001098   Section        0  can.o(i.HAL_CAN_MspInit)
    i.HAL_CAN_RxFifo0FullCallback            0x08001194   Section        0  stm32f4xx_hal_can.o(i.HAL_CAN_RxFifo0FullCallback)
    i.HAL_CAN_RxFifo0MsgPendingCallback      0x08001196   Section        0  stm32f4xx_hal_can.o(i.HAL_CAN_RxFifo0MsgPendingCallback)
    i.HAL_CAN_RxFifo1FullCallback            0x08001198   Section        0  stm32f4xx_hal_can.o(i.HAL_CAN_RxFifo1FullCallback)
    i.HAL_CAN_RxFifo1MsgPendingCallback      0x0800119a   Section        0  stm32f4xx_hal_can.o(i.HAL_CAN_RxFifo1MsgPendingCallback)
    i.HAL_CAN_SleepCallback                  0x0800119c   Section        0  stm32f4xx_hal_can.o(i.HAL_CAN_SleepCallback)
    i.HAL_CAN_Start                          0x080011a0   Section        0  stm32f4xx_hal_can.o(i.HAL_CAN_Start)
    i.HAL_CAN_TxMailbox0AbortCallback        0x080011f8   Section        0  stm32f4xx_hal_can.o(i.HAL_CAN_TxMailbox0AbortCallback)
    i.HAL_CAN_TxMailbox0CompleteCallback     0x080011fa   Section        0  stm32f4xx_hal_can.o(i.HAL_CAN_TxMailbox0CompleteCallback)
    i.HAL_CAN_TxMailbox1AbortCallback        0x080011fc   Section        0  stm32f4xx_hal_can.o(i.HAL_CAN_TxMailbox1AbortCallback)
    i.HAL_CAN_TxMailbox1CompleteCallback     0x080011fe   Section        0  stm32f4xx_hal_can.o(i.HAL_CAN_TxMailbox1CompleteCallback)
    i.HAL_CAN_TxMailbox2AbortCallback        0x08001200   Section        0  stm32f4xx_hal_can.o(i.HAL_CAN_TxMailbox2AbortCallback)
    i.HAL_CAN_TxMailbox2CompleteCallback     0x08001202   Section        0  stm32f4xx_hal_can.o(i.HAL_CAN_TxMailbox2CompleteCallback)
    i.HAL_CAN_WakeUpFromRxMsgCallback        0x08001204   Section        0  stm32f4xx_hal_can.o(i.HAL_CAN_WakeUpFromRxMsgCallback)
    i.HAL_DMA_Abort_IT                       0x08001206   Section        0  stm32f4xx_hal_dma.o(i.HAL_DMA_Abort_IT)
    i.HAL_DMA_IRQHandler                     0x0800122c   Section        0  stm32f4xx_hal_dma.o(i.HAL_DMA_IRQHandler)
    i.HAL_DMA_Init                           0x080013cc   Section        0  stm32f4xx_hal_dma.o(i.HAL_DMA_Init)
    i.HAL_DMA_Start_IT                       0x080014a0   Section        0  stm32f4xx_hal_dma.o(i.HAL_DMA_Start_IT)
    i.HAL_Delay                              0x08001510   Section        0  stm32f4xx_hal.o(i.HAL_Delay)
    i.HAL_GPIO_Init                          0x08001534   Section        0  stm32f4xx_hal_gpio.o(i.HAL_GPIO_Init)
    i.HAL_GPIO_WritePin                      0x08001708   Section        0  stm32f4xx_hal_gpio.o(i.HAL_GPIO_WritePin)
    i.HAL_GetTick                            0x08001714   Section        0  stm32f4xx_hal.o(i.HAL_GetTick)
    i.HAL_IncTick                            0x08001720   Section        0  stm32f4xx_hal.o(i.HAL_IncTick)
    i.HAL_Init                               0x08001730   Section        0  stm32f4xx_hal.o(i.HAL_Init)
    i.HAL_InitTick                           0x08001764   Section        0  stm32f4xx_hal.o(i.HAL_InitTick)
    i.HAL_MspInit                            0x080017a4   Section        0  stm32f4xx_hal_msp.o(i.HAL_MspInit)
    i.HAL_NVIC_EnableIRQ                     0x080017d4   Section        0  stm32f4xx_hal_cortex.o(i.HAL_NVIC_EnableIRQ)
    i.HAL_NVIC_SetPriority                   0x080017f0   Section        0  stm32f4xx_hal_cortex.o(i.HAL_NVIC_SetPriority)
    i.HAL_NVIC_SetPriorityGrouping           0x08001830   Section        0  stm32f4xx_hal_cortex.o(i.HAL_NVIC_SetPriorityGrouping)
    i.HAL_RCC_ClockConfig                    0x08001854   Section        0  stm32f4xx_hal_rcc.o(i.HAL_RCC_ClockConfig)
    i.HAL_RCC_GetPCLK1Freq                   0x08001988   Section        0  stm32f4xx_hal_rcc.o(i.HAL_RCC_GetPCLK1Freq)
    i.HAL_RCC_GetPCLK2Freq                   0x080019a8   Section        0  stm32f4xx_hal_rcc.o(i.HAL_RCC_GetPCLK2Freq)
    i.HAL_RCC_GetSysClockFreq                0x080019c8   Section        0  stm32f4xx_hal_rcc.o(i.HAL_RCC_GetSysClockFreq)
    i.HAL_RCC_OscConfig                      0x08001a28   Section        0  stm32f4xx_hal_rcc.o(i.HAL_RCC_OscConfig)
    i.HAL_SPI_Init                           0x08001d84   Section        0  stm32f4xx_hal_spi.o(i.HAL_SPI_Init)
    i.HAL_SPI_MspInit                        0x08001e04   Section        0  spi.o(i.HAL_SPI_MspInit)
    i.HAL_SPI_TransmitReceive                0x08001e70   Section        0  stm32f4xx_hal_spi.o(i.HAL_SPI_TransmitReceive)
    i.HAL_SYSTICK_Config                     0x08002052   Section        0  stm32f4xx_hal_cortex.o(i.HAL_SYSTICK_Config)
    i.HAL_TIMEx_BreakCallback                0x0800207a   Section        0  stm32f4xx_hal_tim_ex.o(i.HAL_TIMEx_BreakCallback)
    i.HAL_TIMEx_CommutCallback               0x0800207c   Section        0  stm32f4xx_hal_tim_ex.o(i.HAL_TIMEx_CommutCallback)
    i.HAL_TIMEx_MasterConfigSynchronization  0x08002080   Section        0  stm32f4xx_hal_tim_ex.o(i.HAL_TIMEx_MasterConfigSynchronization)
    i.HAL_TIM_Base_Init                      0x08002110   Section        0  stm32f4xx_hal_tim.o(i.HAL_TIM_Base_Init)
    i.HAL_TIM_Base_MspInit                   0x08002148   Section        0  tim.o(i.HAL_TIM_Base_MspInit)
    i.HAL_TIM_Base_Start_IT                  0x08002180   Section        0  stm32f4xx_hal_tim.o(i.HAL_TIM_Base_Start_IT)
    i.HAL_TIM_ConfigClockSource              0x080021a2   Section        0  stm32f4xx_hal_tim.o(i.HAL_TIM_ConfigClockSource)
    i.HAL_TIM_IC_CaptureCallback             0x08002278   Section        0  stm32f4xx_hal_tim.o(i.HAL_TIM_IC_CaptureCallback)
    i.HAL_TIM_IRQHandler                     0x0800227a   Section        0  stm32f4xx_hal_tim.o(i.HAL_TIM_IRQHandler)
    i.HAL_TIM_OC_DelayElapsedCallback        0x080023e0   Section        0  stm32f4xx_hal_tim.o(i.HAL_TIM_OC_DelayElapsedCallback)
    i.HAL_TIM_PWM_PulseFinishedCallback      0x080023e2   Section        0  stm32f4xx_hal_tim.o(i.HAL_TIM_PWM_PulseFinishedCallback)
    i.HAL_TIM_PeriodElapsedCallback          0x080023e4   Section        0  stm32f4xx_hal_tim.o(i.HAL_TIM_PeriodElapsedCallback)
    i.HAL_TIM_TriggerCallback                0x080023e6   Section        0  stm32f4xx_hal_tim.o(i.HAL_TIM_TriggerCallback)
    i.HAL_UART_ErrorCallback                 0x080023e8   Section        0  stm32f4xx_hal_uart.o(i.HAL_UART_ErrorCallback)
    i.HAL_UART_IRQHandler                    0x080023ec   Section        0  stm32f4xx_hal_uart.o(i.HAL_UART_IRQHandler)
    i.HAL_UART_Init                          0x08002500   Section        0  stm32f4xx_hal_uart.o(i.HAL_UART_Init)
    i.HAL_UART_MspInit                       0x08002564   Section        0  usart.o(i.HAL_UART_MspInit)
    i.HAL_UART_Receive_DMA                   0x08002638   Section        0  stm32f4xx_hal_uart.o(i.HAL_UART_Receive_DMA)
    i.HAL_UART_RxCpltCallback                0x080026d0   Section        0  stm32f4xx_hal_uart.o(i.HAL_UART_RxCpltCallback)
    i.HAL_UART_RxHalfCpltCallback            0x080026d2   Section        0  stm32f4xx_hal_uart.o(i.HAL_UART_RxHalfCpltCallback)
    i.HAL_UART_TxCpltCallback                0x080026d4   Section        0  stm32f4xx_hal_uart.o(i.HAL_UART_TxCpltCallback)
    i.HardFault_Handler                      0x080026d6   Section        0  stm32f4xx_it.o(i.HardFault_Handler)
    i.Laser_Run                              0x080026d8   Section        0  gpio.o(i.Laser_Run)
    i.Led_Run                                0x080026e8   Section        0  gpio.o(i.Led_Run)
    i.MX_CAN1_Init                           0x080026f8   Section        0  can.o(i.MX_CAN1_Init)
    i.MX_CAN2_Init                           0x08002740   Section        0  can.o(i.MX_CAN2_Init)
    i.MX_DMA_Init                            0x08002784   Section        0  dma.o(i.MX_DMA_Init)
    i.MX_GPIO_Init                           0x080027b0   Section        0  gpio.o(i.MX_GPIO_Init)
    i.MX_SPI5_Init                           0x080028f8   Section        0  spi.o(i.MX_SPI5_Init)
    i.MX_TIM2_Init                           0x08002940   Section        0  tim.o(i.MX_TIM2_Init)
    i.MX_USART1_UART_Init                    0x080029a4   Section        0  usart.o(i.MX_USART1_UART_Init)
    i.MemManage_Handler                      0x080029e0   Section        0  stm32f4xx_it.o(i.MemManage_Handler)
    i.Motor_Pos_Analysis                     0x080029e2   Section        0  yuntab.o(i.Motor_Pos_Analysis)
    i.Motor_Speed_Analysis                   0x080029fa   Section        0  robo_base.o(i.Motor_Speed_Analysis)
    i.NMI_Handler                            0x08002a12   Section        0  stm32f4xx_it.o(i.NMI_Handler)
    i.PID_Init                               0x08002a14   Section        0  emc.o(i.PID_Init)
    i.PendSV_Handler                         0x08002a48   Section        0  stm32f4xx_it.o(i.PendSV_Handler)
    i.Pos_Info_Analysis                      0x08002a4c   Section        0  emc.o(i.Pos_Info_Analysis)
    i.Power_Init                             0x08002b08   Section        0  gpio.o(i.Power_Init)
    i.RemoteDataProcess                      0x08002b18   Section        0  remote.o(i.RemoteDataProcess)
    i.SPI5_ReadWriteByte                     0x08002b70   Section        0  spi.o(i.SPI5_ReadWriteByte)
    i.SPI_EndRxTxTransaction                 0x08002b90   Section        0  stm32f4xx_hal_spi.o(i.SPI_EndRxTxTransaction)
    SPI_EndRxTxTransaction                   0x08002b91   Thumb Code    80  stm32f4xx_hal_spi.o(i.SPI_EndRxTxTransaction)
    i.SPI_WaitFlagStateUntilTimeout          0x08002be8   Section        0  stm32f4xx_hal_spi.o(i.SPI_WaitFlagStateUntilTimeout)
    SPI_WaitFlagStateUntilTimeout            0x08002be9   Thumb Code   148  stm32f4xx_hal_spi.o(i.SPI_WaitFlagStateUntilTimeout)
    i.SVC_Handler                            0x08002c7c   Section        0  stm32f4xx_it.o(i.SVC_Handler)
    i.Speed_Info_Analysis                    0x08002c7e   Section        0  emc.o(i.Speed_Info_Analysis)
    i.SysTick_Handler                        0x08002c90   Section        0  stm32f4xx_it.o(i.SysTick_Handler)
    i.SystemClock_Config                     0x08002c94   Section        0  main.o(i.SystemClock_Config)
    i.SystemInit                             0x08002d18   Section        0  system_stm32f4xx.o(i.SystemInit)
    i.TIM2_IRQHandler                        0x08002d34   Section        0  stm32f4xx_it.o(i.TIM2_IRQHandler)
    i.TIM_Base_SetConfig                     0x08002d48   Section        0  stm32f4xx_hal_tim.o(i.TIM_Base_SetConfig)
    i.TIM_ETR_SetConfig                      0x08002e10   Section        0  stm32f4xx_hal_tim.o(i.TIM_ETR_SetConfig)
    i.TIM_ITRx_SetConfig                     0x08002e24   Section        0  stm32f4xx_hal_tim.o(i.TIM_ITRx_SetConfig)
    TIM_ITRx_SetConfig                       0x08002e25   Thumb Code    16  stm32f4xx_hal_tim.o(i.TIM_ITRx_SetConfig)
    i.TIM_TI1_ConfigInputStage               0x08002e34   Section        0  stm32f4xx_hal_tim.o(i.TIM_TI1_ConfigInputStage)
    TIM_TI1_ConfigInputStage                 0x08002e35   Thumb Code    34  stm32f4xx_hal_tim.o(i.TIM_TI1_ConfigInputStage)
    i.TIM_TI2_ConfigInputStage               0x08002e56   Section        0  stm32f4xx_hal_tim.o(i.TIM_TI2_ConfigInputStage)
    TIM_TI2_ConfigInputStage                 0x08002e57   Thumb Code    36  stm32f4xx_hal_tim.o(i.TIM_TI2_ConfigInputStage)
    i.UART_DMAAbortOnError                   0x08002e7a   Section        0  stm32f4xx_hal_uart.o(i.UART_DMAAbortOnError)
    UART_DMAAbortOnError                     0x08002e7b   Thumb Code    16  stm32f4xx_hal_uart.o(i.UART_DMAAbortOnError)
    i.UART_DMAError                          0x08002e8a   Section        0  stm32f4xx_hal_uart.o(i.UART_DMAError)
    UART_DMAError                            0x08002e8b   Thumb Code    74  stm32f4xx_hal_uart.o(i.UART_DMAError)
    i.UART_DMAReceiveCplt                    0x08002ed4   Section        0  stm32f4xx_hal_uart.o(i.UART_DMAReceiveCplt)
    UART_DMAReceiveCplt                      0x08002ed5   Thumb Code    60  stm32f4xx_hal_uart.o(i.UART_DMAReceiveCplt)
    i.UART_DMARxHalfCplt                     0x08002f10   Section        0  stm32f4xx_hal_uart.o(i.UART_DMARxHalfCplt)
    UART_DMARxHalfCplt                       0x08002f11   Thumb Code    10  stm32f4xx_hal_uart.o(i.UART_DMARxHalfCplt)
    i.UART_EndRxTransfer                     0x08002f1a   Section        0  stm32f4xx_hal_uart.o(i.UART_EndRxTransfer)
    UART_EndRxTransfer                       0x08002f1b   Thumb Code    28  stm32f4xx_hal_uart.o(i.UART_EndRxTransfer)
    i.UART_EndTxTransfer                     0x08002f36   Section        0  stm32f4xx_hal_uart.o(i.UART_EndTxTransfer)
    UART_EndTxTransfer                       0x08002f37   Thumb Code    18  stm32f4xx_hal_uart.o(i.UART_EndTxTransfer)
    i.UART_Receive_IT                        0x08002f48   Section        0  stm32f4xx_hal_uart.o(i.UART_Receive_IT)
    UART_Receive_IT                          0x08002f49   Thumb Code   150  stm32f4xx_hal_uart.o(i.UART_Receive_IT)
    i.UART_SetConfig                         0x08002fe0   Section        0  stm32f4xx_hal_uart.o(i.UART_SetConfig)
    UART_SetConfig                           0x08002fe1   Thumb Code   286  stm32f4xx_hal_uart.o(i.UART_SetConfig)
    i.UART_Transmit_IT                       0x08003108   Section        0  stm32f4xx_hal_uart.o(i.UART_Transmit_IT)
    UART_Transmit_IT                         0x08003109   Thumb Code    98  stm32f4xx_hal_uart.o(i.UART_Transmit_IT)
    i.USART1_IRQHandler                      0x0800316c   Section        0  stm32f4xx_it.o(i.USART1_IRQHandler)
    i.Uart_DMA_Process                       0x08003194   Section        0  usart.o(i.Uart_DMA_Process)
    i.UsageFault_Handler                     0x080031fe   Section        0  stm32f4xx_it.o(i.UsageFault_Handler)
    i.Usart_Init                             0x08003200   Section        0  usart.o(i.Usart_Init)
    i.Yuntab_Init                            0x08003240   Section        0  yuntab.o(i.Yuntab_Init)
    i.__ARM_fpclassify                       0x080032fc   Section        0  fpclassify.o(i.__ARM_fpclassify)
    i.__ARM_fpclassifyf                      0x0800332c   Section        0  fpclassifyf.o(i.__ARM_fpclassifyf)
    i.__NVIC_SetPriority                     0x08003352   Section        0  stm32f4xx_hal_cortex.o(i.__NVIC_SetPriority)
    __NVIC_SetPriority                       0x08003353   Thumb Code    32  stm32f4xx_hal_cortex.o(i.__NVIC_SetPriority)
    i.__hardfp_asin                          0x08003378   Section        0  asin.o(i.__hardfp_asin)
    i.__hardfp_asinf                         0x080036d8   Section        0  asinf.o(i.__hardfp_asinf)
    i.__hardfp_atan2f                        0x08003804   Section        0  atan2f.o(i.__hardfp_atan2f)
    i.__hardfp_cos                           0x08003a58   Section        0  cos.o(i.__hardfp_cos)
    i.__hardfp_sin                           0x08003b20   Section        0  sin.o(i.__hardfp_sin)
    i.__hardfp_sqrt                          0x08003be8   Section        0  sqrt.o(i.__hardfp_sqrt)
    i.__ieee754_rem_pio2                     0x08003c68   Section        0  rred.o(i.__ieee754_rem_pio2)
    i.__kernel_cos                           0x080040a0   Section        0  cos_i.o(i.__kernel_cos)
    i.__kernel_poly                          0x08004210   Section        0  poly.o(i.__kernel_poly)
    i.__kernel_sin                           0x08004308   Section        0  sin_i.o(i.__kernel_sin)
    i.__mathlib_dbl_infnan                   0x08004438   Section        0  dunder.o(i.__mathlib_dbl_infnan)
    i.__mathlib_dbl_invalid                  0x08004450   Section        0  dunder.o(i.__mathlib_dbl_invalid)
    i.__mathlib_dbl_underflow                0x08004470   Section        0  dunder.o(i.__mathlib_dbl_underflow)
    i.__mathlib_flt_infnan                   0x08004490   Section        0  funder.o(i.__mathlib_flt_infnan)
    i.__mathlib_flt_infnan2                  0x08004496   Section        0  funder.o(i.__mathlib_flt_infnan2)
    i.__mathlib_flt_invalid                  0x0800449c   Section        0  funder.o(i.__mathlib_flt_invalid)
    i.__mathlib_flt_underflow                0x080044ac   Section        0  funder.o(i.__mathlib_flt_underflow)
    i.__scatterload_copy                     0x080044bc   Section       14  handlers.o(i.__scatterload_copy)
    i.__scatterload_null                     0x080044ca   Section        2  handlers.o(i.__scatterload_null)
    i.__scatterload_zeroinit                 0x080044cc   Section       14  handlers.o(i.__scatterload_zeroinit)
    i.__set_errno                            0x080044dc   Section        0  errno.o(i.__set_errno)
    i.fabs                                   0x080044e8   Section        0  fabs.o(i.fabs)
    i.imuComputeRotationMatrix               0x08004500   Section        0  quaternion.o(i.imuComputeRotationMatrix)
    i.imuUpdate                              0x080045bc   Section        0  quaternion.o(i.imuUpdate)
    i.imu_attitude_update                    0x08004828   Section        0  imu_analysis.o(i.imu_attitude_update)
    i.invSqrt                                0x080048c8   Section        0  quaternion.o(i.invSqrt)
    invSqrt                                  0x080048c9   Thumb Code    40  quaternion.o(i.invSqrt)
    i.main                                   0x080048f4   Section        0  main.o(i.main)
    i.malloc                                 0x08004920   Section        0  malloc.o(i.malloc)
    i.mpu_device_init                        0x0800498c   Section        0  imu_analysis.o(i.mpu_device_init)
    i.mpu_get_data                           0x08004a60   Section        0  imu_analysis.o(i.mpu_get_data)
    i.mpu_offset_call                        0x08004c3c   Section        0  imu_analysis.o(i.mpu_offset_call)
    i.mpu_read_byte                          0x08004d7c   Section        0  imu_analysis.o(i.mpu_read_byte)
    i.mpu_read_bytes                         0x08004db8   Section        0  imu_analysis.o(i.mpu_read_bytes)
    i.mpu_write_byte                         0x08004e1c   Section        0  imu_analysis.o(i.mpu_write_byte)
    i.quaternion_init                        0x08004e5c   Section        0  quaternion.o(i.quaternion_init)
    i.sqrt                                   0x08004f54   Section        0  sqrt.o(i.sqrt)
    i.sqrtf                                  0x08004fc2   Section        0  sqrtf.o(i.sqrtf)
    .constdata                               0x08005000   Section       20  imu_analysis.o(.constdata)
    .constdata                               0x08005014   Section        8  stm32f4xx_hal_dma.o(.constdata)
    flagBitshiftOffset                       0x08005014   Data           8  stm32f4xx_hal_dma.o(.constdata)
    .constdata                               0x0800501c   Section       16  system_stm32f4xx.o(.constdata)
    .constdata                               0x0800502c   Section        8  system_stm32f4xx.o(.constdata)
    .constdata                               0x08005038   Section       80  asin.o(.constdata)
    pS                                       0x08005038   Data          48  asin.o(.constdata)
    qS                                       0x08005068   Data          32  asin.o(.constdata)
    .constdata                               0x08005088   Section       48  cos_i.o(.constdata)
    C                                        0x08005088   Data          48  cos_i.o(.constdata)
    .constdata                               0x080050b8   Section      200  rred.o(.constdata)
    pio2s                                    0x080050b8   Data          48  rred.o(.constdata)
    twooverpi                                0x080050e8   Data         152  rred.o(.constdata)
    .constdata                               0x08005180   Section       40  sin_i.o(.constdata)
    S                                        0x08005180   Data          40  sin_i.o(.constdata)
    .data                                    0x20000000   Section        8  imu_analysis.o(.data)
    first_flag                               0x20000001   Data           1  imu_analysis.o(.data)
    tx                                       0x20000002   Data           1  imu_analysis.o(.data)
    rx                                       0x20000003   Data           1  imu_analysis.o(.data)
    last_data                                0x20000004   Data           4  imu_analysis.o(.data)
    .data                                    0x20000008   Section       40  quaternion.o(.data)
    q0                                       0x20000010   Data           4  quaternion.o(.data)
    q1                                       0x20000014   Data           4  quaternion.o(.data)
    q2                                       0x20000018   Data           4  quaternion.o(.data)
    q3                                       0x2000001c   Data           4  quaternion.o(.data)
    .data                                    0x20000030   Section       10  remote.o(.data)
    .data                                    0x2000003c   Section        4  can.o(.data)
    HAL_RCC_CAN1_CLK_ENABLED                 0x2000003c   Data           4  can.o(.data)
    .data                                    0x20000040   Section       12  stm32f4xx_hal.o(.data)
    .data                                    0x2000004c   Section        4  system_stm32f4xx.o(.data)
    .data                                    0x20000050   Section        4  mvars.o(.data)
    .data                                    0x20000054   Section        4  mvars.o(.data)
    .data                                    0x20000058   Section        4  errno.o(.data)
    _errno                                   0x20000058   Data           4  errno.o(.data)
    .bss                                     0x2000005c   Section      118  imu_analysis.o(.bss)
    .bss                                     0x200000d4   Section       36  quaternion.o(.bss)
    rMat                                     0x200000d4   Data          36  quaternion.o(.bss)
    .bss                                     0x200000f8   Section      204  robo_base.o(.bss)
    .bss                                     0x200001c4   Section      264  yuntab.o(.bss)
    .bss                                     0x200002cc   Section       80  can.o(.bss)
    .bss                                     0x2000031c   Section       88  spi.o(.bss)
    .bss                                     0x20000374   Section       64  tim.o(.bss)
    .bss                                     0x200003b4   Section      172  usart.o(.bss)
    .bss                                     0x20000460   Section       56  stm32f4xx_it.o(.bss)
    HEAP                                     0x20000498   Section      512  startup_stm32f427xx.o(HEAP)
    STACK                                    0x20000698   Section     1024  startup_stm32f427xx.o(STACK)

    Global Symbols

    Symbol Name                              Value     Ov Type        Size  Object(Section)

    BuildAttributes$$THM_ISAv4$E$P$D$K$B$S$7EM$VFPi3$EXTD16$VFPS$VFMA$PE$A:L22UL41UL21$X:L11$S22US41US21$IEEE1$IW$USESV6$~STKCKD$USESV7$~SHL$OTIME$ROPI$IEEEX$EBA8$MICROLIB$REQ8$PRES8$EABIv2 0x00000000   Number         0  anon$$obj.o ABSOLUTE
    __ARM_use_no_argv                        0x00000000   Number         0  main.o ABSOLUTE
    __cpp_initialize__aeabi_                  - Undefined Weak Reference
    __cxa_finalize                            - Undefined Weak Reference
    __decompress                              - Undefined Weak Reference
    _clock_init                               - Undefined Weak Reference
    _microlib_exit                            - Undefined Weak Reference
    __Vectors_Size                           0x000001ac   Number         0  startup_stm32f427xx.o ABSOLUTE
    __Vectors                                0x08000000   Data           4  startup_stm32f427xx.o(RESET)
    __Vectors_End                            0x080001ac   Data           0  startup_stm32f427xx.o(RESET)
    __main                                   0x080001ad   Thumb Code     0  entry.o(.ARM.Collect$$$$00000000)
    _main_stk                                0x080001ad   Thumb Code     0  entry2.o(.ARM.Collect$$$$00000001)
    _main_scatterload                        0x080001b1   Thumb Code     0  entry5.o(.ARM.Collect$$$$00000004)
    __main_after_scatterload                 0x080001b5   Thumb Code     0  entry5.o(.ARM.Collect$$$$00000004)
    _main_clock                              0x080001b5   Thumb Code     0  entry7b.o(.ARM.Collect$$$$00000008)
    _main_cpp_init                           0x080001b5   Thumb Code     0  entry8b.o(.ARM.Collect$$$$0000000A)
    _main_init                               0x080001b5   Thumb Code     0  entry9a.o(.ARM.Collect$$$$0000000B)
    __rt_final_cpp                           0x080001bd   Thumb Code     0  entry10a.o(.ARM.Collect$$$$0000000D)
    __rt_final_exit                          0x080001bd   Thumb Code     0  entry11a.o(.ARM.Collect$$$$0000000F)
    Reset_Handler                            0x080001c1   Thumb Code     8  startup_stm32f427xx.o(.text)
    ADC_IRQHandler                           0x080001db   Thumb Code     0  startup_stm32f427xx.o(.text)
    CAN1_RX1_IRQHandler                      0x080001db   Thumb Code     0  startup_stm32f427xx.o(.text)
    CAN1_SCE_IRQHandler                      0x080001db   Thumb Code     0  startup_stm32f427xx.o(.text)
    CAN1_TX_IRQHandler                       0x080001db   Thumb Code     0  startup_stm32f427xx.o(.text)
    CAN2_RX1_IRQHandler                      0x080001db   Thumb Code     0  startup_stm32f427xx.o(.text)
    CAN2_SCE_IRQHandler                      0x080001db   Thumb Code     0  startup_stm32f427xx.o(.text)
    CAN2_TX_IRQHandler                       0x080001db   Thumb Code     0  startup_stm32f427xx.o(.text)
    DCMI_IRQHandler                          0x080001db   Thumb Code     0  startup_stm32f427xx.o(.text)
    DMA1_Stream0_IRQHandler                  0x080001db   Thumb Code     0  startup_stm32f427xx.o(.text)
    DMA1_Stream1_IRQHandler                  0x080001db   Thumb Code     0  startup_stm32f427xx.o(.text)
    DMA1_Stream2_IRQHandler                  0x080001db   Thumb Code     0  startup_stm32f427xx.o(.text)
    DMA1_Stream3_IRQHandler                  0x080001db   Thumb Code     0  startup_stm32f427xx.o(.text)
    DMA1_Stream4_IRQHandler                  0x080001db   Thumb Code     0  startup_stm32f427xx.o(.text)
    DMA1_Stream5_IRQHandler                  0x080001db   Thumb Code     0  startup_stm32f427xx.o(.text)
    DMA1_Stream6_IRQHandler                  0x080001db   Thumb Code     0  startup_stm32f427xx.o(.text)
    DMA1_Stream7_IRQHandler                  0x080001db   Thumb Code     0  startup_stm32f427xx.o(.text)
    DMA2D_IRQHandler                         0x080001db   Thumb Code     0  startup_stm32f427xx.o(.text)
    DMA2_Stream0_IRQHandler                  0x080001db   Thumb Code     0  startup_stm32f427xx.o(.text)
    DMA2_Stream1_IRQHandler                  0x080001db   Thumb Code     0  startup_stm32f427xx.o(.text)
    DMA2_Stream3_IRQHandler                  0x080001db   Thumb Code     0  startup_stm32f427xx.o(.text)
    DMA2_Stream4_IRQHandler                  0x080001db   Thumb Code     0  startup_stm32f427xx.o(.text)
    DMA2_Stream5_IRQHandler                  0x080001db   Thumb Code     0  startup_stm32f427xx.o(.text)
    DMA2_Stream6_IRQHandler                  0x080001db   Thumb Code     0  startup_stm32f427xx.o(.text)
    DMA2_Stream7_IRQHandler                  0x080001db   Thumb Code     0  startup_stm32f427xx.o(.text)
    ETH_IRQHandler                           0x080001db   Thumb Code     0  startup_stm32f427xx.o(.text)
    ETH_WKUP_IRQHandler                      0x080001db   Thumb Code     0  startup_stm32f427xx.o(.text)
    EXTI0_IRQHandler                         0x080001db   Thumb Code     0  startup_stm32f427xx.o(.text)
    EXTI15_10_IRQHandler                     0x080001db   Thumb Code     0  startup_stm32f427xx.o(.text)
    EXTI1_IRQHandler                         0x080001db   Thumb Code     0  startup_stm32f427xx.o(.text)
    EXTI2_IRQHandler                         0x080001db   Thumb Code     0  startup_stm32f427xx.o(.text)
    EXTI3_IRQHandler                         0x080001db   Thumb Code     0  startup_stm32f427xx.o(.text)
    EXTI4_IRQHandler                         0x080001db   Thumb Code     0  startup_stm32f427xx.o(.text)
    EXTI9_5_IRQHandler                       0x080001db   Thumb Code     0  startup_stm32f427xx.o(.text)
    FLASH_IRQHandler                         0x080001db   Thumb Code     0  startup_stm32f427xx.o(.text)
    FMC_IRQHandler                           0x080001db   Thumb Code     0  startup_stm32f427xx.o(.text)
    FPU_IRQHandler                           0x080001db   Thumb Code     0  startup_stm32f427xx.o(.text)
    HASH_RNG_IRQHandler                      0x080001db   Thumb Code     0  startup_stm32f427xx.o(.text)
    I2C1_ER_IRQHandler                       0x080001db   Thumb Code     0  startup_stm32f427xx.o(.text)
    I2C1_EV_IRQHandler                       0x080001db   Thumb Code     0  startup_stm32f427xx.o(.text)
    I2C2_ER_IRQHandler                       0x080001db   Thumb Code     0  startup_stm32f427xx.o(.text)
    I2C2_EV_IRQHandler                       0x080001db   Thumb Code     0  startup_stm32f427xx.o(.text)
    I2C3_ER_IRQHandler                       0x080001db   Thumb Code     0  startup_stm32f427xx.o(.text)
    I2C3_EV_IRQHandler                       0x080001db   Thumb Code     0  startup_stm32f427xx.o(.text)
    OTG_FS_IRQHandler                        0x080001db   Thumb Code     0  startup_stm32f427xx.o(.text)
    OTG_FS_WKUP_IRQHandler                   0x080001db   Thumb Code     0  startup_stm32f427xx.o(.text)
    OTG_HS_EP1_IN_IRQHandler                 0x080001db   Thumb Code     0  startup_stm32f427xx.o(.text)
    OTG_HS_EP1_OUT_IRQHandler                0x080001db   Thumb Code     0  startup_stm32f427xx.o(.text)
    OTG_HS_IRQHandler                        0x080001db   Thumb Code     0  startup_stm32f427xx.o(.text)
    OTG_HS_WKUP_IRQHandler                   0x080001db   Thumb Code     0  startup_stm32f427xx.o(.text)
    PVD_IRQHandler                           0x080001db   Thumb Code     0  startup_stm32f427xx.o(.text)
    RCC_IRQHandler                           0x080001db   Thumb Code     0  startup_stm32f427xx.o(.text)
    RTC_Alarm_IRQHandler                     0x080001db   Thumb Code     0  startup_stm32f427xx.o(.text)
    RTC_WKUP_IRQHandler                      0x080001db   Thumb Code     0  startup_stm32f427xx.o(.text)
    SAI1_IRQHandler                          0x080001db   Thumb Code     0  startup_stm32f427xx.o(.text)
    SDIO_IRQHandler                          0x080001db   Thumb Code     0  startup_stm32f427xx.o(.text)
    SPI1_IRQHandler                          0x080001db   Thumb Code     0  startup_stm32f427xx.o(.text)
    SPI2_IRQHandler                          0x080001db   Thumb Code     0  startup_stm32f427xx.o(.text)
    SPI3_IRQHandler                          0x080001db   Thumb Code     0  startup_stm32f427xx.o(.text)
    SPI4_IRQHandler                          0x080001db   Thumb Code     0  startup_stm32f427xx.o(.text)
    SPI5_IRQHandler                          0x080001db   Thumb Code     0  startup_stm32f427xx.o(.text)
    SPI6_IRQHandler                          0x080001db   Thumb Code     0  startup_stm32f427xx.o(.text)
    TAMP_STAMP_IRQHandler                    0x080001db   Thumb Code     0  startup_stm32f427xx.o(.text)
    TIM1_BRK_TIM9_IRQHandler                 0x080001db   Thumb Code     0  startup_stm32f427xx.o(.text)
    TIM1_CC_IRQHandler                       0x080001db   Thumb Code     0  startup_stm32f427xx.o(.text)
    TIM1_TRG_COM_TIM11_IRQHandler            0x080001db   Thumb Code     0  startup_stm32f427xx.o(.text)
    TIM1_UP_TIM10_IRQHandler                 0x080001db   Thumb Code     0  startup_stm32f427xx.o(.text)
    TIM3_IRQHandler                          0x080001db   Thumb Code     0  startup_stm32f427xx.o(.text)
    TIM4_IRQHandler                          0x080001db   Thumb Code     0  startup_stm32f427xx.o(.text)
    TIM5_IRQHandler                          0x080001db   Thumb Code     0  startup_stm32f427xx.o(.text)
    TIM6_DAC_IRQHandler                      0x080001db   Thumb Code     0  startup_stm32f427xx.o(.text)
    TIM7_IRQHandler                          0x080001db   Thumb Code     0  startup_stm32f427xx.o(.text)
    TIM8_BRK_TIM12_IRQHandler                0x080001db   Thumb Code     0  startup_stm32f427xx.o(.text)
    TIM8_CC_IRQHandler                       0x080001db   Thumb Code     0  startup_stm32f427xx.o(.text)
    TIM8_TRG_COM_TIM14_IRQHandler            0x080001db   Thumb Code     0  startup_stm32f427xx.o(.text)
    TIM8_UP_TIM13_IRQHandler                 0x080001db   Thumb Code     0  startup_stm32f427xx.o(.text)
    UART4_IRQHandler                         0x080001db   Thumb Code     0  startup_stm32f427xx.o(.text)
    UART5_IRQHandler                         0x080001db   Thumb Code     0  startup_stm32f427xx.o(.text)
    UART7_IRQHandler                         0x080001db   Thumb Code     0  startup_stm32f427xx.o(.text)
    UART8_IRQHandler                         0x080001db   Thumb Code     0  startup_stm32f427xx.o(.text)
    USART2_IRQHandler                        0x080001db   Thumb Code     0  startup_stm32f427xx.o(.text)
    USART3_IRQHandler                        0x080001db   Thumb Code     0  startup_stm32f427xx.o(.text)
    USART6_IRQHandler                        0x080001db   Thumb Code     0  startup_stm32f427xx.o(.text)
    WWDG_IRQHandler                          0x080001db   Thumb Code     0  startup_stm32f427xx.o(.text)
    __aeabi_uldivmod                         0x080001e5   Thumb Code    98  uldiv.o(.text)
    __aeabi_memcpy                           0x08000247   Thumb Code    36  memcpya.o(.text)
    __aeabi_memcpy4                          0x08000247   Thumb Code     0  memcpya.o(.text)
    __aeabi_memcpy8                          0x08000247   Thumb Code     0  memcpya.o(.text)
    __aeabi_memset                           0x0800026b   Thumb Code    14  memseta.o(.text)
    __aeabi_memset4                          0x0800026b   Thumb Code     0  memseta.o(.text)
    __aeabi_memset8                          0x0800026b   Thumb Code     0  memseta.o(.text)
    __aeabi_memclr                           0x08000279   Thumb Code     4  memseta.o(.text)
    __aeabi_memclr4                          0x08000279   Thumb Code     0  memseta.o(.text)
    __aeabi_memclr8                          0x08000279   Thumb Code     0  memseta.o(.text)
    _memset$wrapper                          0x0800027d   Thumb Code    18  memseta.o(.text)
    __aeabi_dadd                             0x0800028f   Thumb Code   322  dadd.o(.text)
    __aeabi_dsub                             0x080003d1   Thumb Code     6  dadd.o(.text)
    __aeabi_drsub                            0x080003d7   Thumb Code     6  dadd.o(.text)
    __aeabi_dmul                             0x080003dd   Thumb Code   228  dmul.o(.text)
    __aeabi_ddiv                             0x080004c1   Thumb Code   222  ddiv.o(.text)
    __aeabi_i2d                              0x0800059f   Thumb Code    34  dflti.o(.text)
    __aeabi_f2d                              0x080005c1   Thumb Code    38  f2d.o(.text)
    __aeabi_d2f                              0x080005e7   Thumb Code    56  d2f.o(.text)
    __aeabi_llsl                             0x0800061f   Thumb Code    30  llshl.o(.text)
    _ll_shift_l                              0x0800061f   Thumb Code     0  llshl.o(.text)
    __aeabi_llsr                             0x0800063d   Thumb Code    32  llushr.o(.text)
    _ll_ushift_r                             0x0800063d   Thumb Code     0  llushr.o(.text)
    __aeabi_lasr                             0x0800065d   Thumb Code    36  llsshr.o(.text)
    _ll_sshift_r                             0x0800065d   Thumb Code     0  llsshr.o(.text)
    __I$use$fp                               0x08000681   Thumb Code     0  iusefp.o(.text)
    _float_round                             0x08000681   Thumb Code    18  fepilogue.o(.text)
    _float_epilogue                          0x08000693   Thumb Code    92  fepilogue.o(.text)
    _double_round                            0x080006ef   Thumb Code    30  depilogue.o(.text)
    _double_epilogue                         0x0800070d   Thumb Code   156  depilogue.o(.text)
    _dsqrt                                   0x080007a9   Thumb Code   162  dsqrt.o(.text)
    __scatterload                            0x0800084d   Thumb Code    28  init.o(.text)
    __scatterload_rt2                        0x0800084d   Thumb Code     0  init.o(.text)
    __aeabi_ui2d                             0x08000871   Thumb Code    26  dfltui.o(.text)
    __aeabi_d2iz                             0x0800088b   Thumb Code    62  dfixi.o(.text)
    All_Init                                 0x080008c9   Thumb Code    84  init.o(i.All_Init)
    BASE_Init                                0x08000931   Thumb Code   146  robo_base.o(i.BASE_Init)
    BusFault_Handler                         0x080009cd   Thumb Code     2  stm32f4xx_it.o(i.BusFault_Handler)
    CAN1_RX0_IRQHandler                      0x080009d1   Thumb Code    52  stm32f4xx_it.o(i.CAN1_RX0_IRQHandler)
    CAN2_RX0_IRQHandler                      0x08000a19   Thumb Code    42  stm32f4xx_it.o(i.CAN2_RX0_IRQHandler)
    CAN_FilterConfig                         0x08000a51   Thumb Code    50  can.o(i.CAN_FilterConfig)
    DMA2_Stream2_IRQHandler                  0x08000a89   Thumb Code     6  stm32f4xx_it.o(i.DMA2_Stream2_IRQHandler)
    DebugMon_Handler                         0x08000b39   Thumb Code     2  stm32f4xx_it.o(i.DebugMon_Handler)
    Error_Handler                            0x08000b3b   Thumb Code     2  main.o(i.Error_Handler)
    Filter_one                               0x08000b3d   Thumb Code    38  imu_analysis.o(i.Filter_one)
    HAL_CAN_ActivateNotification             0x08000b69   Thumb Code    36  stm32f4xx_hal_can.o(i.HAL_CAN_ActivateNotification)
    HAL_CAN_ConfigFilter                     0x08000b8d   Thumb Code   262  stm32f4xx_hal_can.o(i.HAL_CAN_ConfigFilter)
    HAL_CAN_ErrorCallback                    0x08000c99   Thumb Code     2  stm32f4xx_hal_can.o(i.HAL_CAN_ErrorCallback)
    HAL_CAN_GetRxMessage                     0x08000c9b   Thumb Code   232  stm32f4xx_hal_can.o(i.HAL_CAN_GetRxMessage)
    HAL_CAN_IRQHandler                       0x08000d83   Thumb Code   508  stm32f4xx_hal_can.o(i.HAL_CAN_IRQHandler)
    HAL_CAN_Init                             0x08000f7f   Thumb Code   282  stm32f4xx_hal_can.o(i.HAL_CAN_Init)
    HAL_CAN_MspInit                          0x08001099   Thumb Code   228  can.o(i.HAL_CAN_MspInit)
    HAL_CAN_RxFifo0FullCallback              0x08001195   Thumb Code     2  stm32f4xx_hal_can.o(i.HAL_CAN_RxFifo0FullCallback)
    HAL_CAN_RxFifo0MsgPendingCallback        0x08001197   Thumb Code     2  stm32f4xx_hal_can.o(i.HAL_CAN_RxFifo0MsgPendingCallback)
    HAL_CAN_RxFifo1FullCallback              0x08001199   Thumb Code     2  stm32f4xx_hal_can.o(i.HAL_CAN_RxFifo1FullCallback)
    HAL_CAN_RxFifo1MsgPendingCallback        0x0800119b   Thumb Code     2  stm32f4xx_hal_can.o(i.HAL_CAN_RxFifo1MsgPendingCallback)
    HAL_CAN_SleepCallback                    0x0800119d   Thumb Code     2  stm32f4xx_hal_can.o(i.HAL_CAN_SleepCallback)
    HAL_CAN_Start                            0x080011a1   Thumb Code    88  stm32f4xx_hal_can.o(i.HAL_CAN_Start)
    HAL_CAN_TxMailbox0AbortCallback          0x080011f9   Thumb Code     2  stm32f4xx_hal_can.o(i.HAL_CAN_TxMailbox0AbortCallback)
    HAL_CAN_TxMailbox0CompleteCallback       0x080011fb   Thumb Code     2  stm32f4xx_hal_can.o(i.HAL_CAN_TxMailbox0CompleteCallback)
    HAL_CAN_TxMailbox1AbortCallback          0x080011fd   Thumb Code     2  stm32f4xx_hal_can.o(i.HAL_CAN_TxMailbox1AbortCallback)
    HAL_CAN_TxMailbox1CompleteCallback       0x080011ff   Thumb Code     2  stm32f4xx_hal_can.o(i.HAL_CAN_TxMailbox1CompleteCallback)
    HAL_CAN_TxMailbox2AbortCallback          0x08001201   Thumb Code     2  stm32f4xx_hal_can.o(i.HAL_CAN_TxMailbox2AbortCallback)
    HAL_CAN_TxMailbox2CompleteCallback       0x08001203   Thumb Code     2  stm32f4xx_hal_can.o(i.HAL_CAN_TxMailbox2CompleteCallback)
    HAL_CAN_WakeUpFromRxMsgCallback          0x08001205   Thumb Code     2  stm32f4xx_hal_can.o(i.HAL_CAN_WakeUpFromRxMsgCallback)
    HAL_DMA_Abort_IT                         0x08001207   Thumb Code    36  stm32f4xx_hal_dma.o(i.HAL_DMA_Abort_IT)
    HAL_DMA_IRQHandler                       0x0800122d   Thumb Code   412  stm32f4xx_hal_dma.o(i.HAL_DMA_IRQHandler)
    HAL_DMA_Init                             0x080013cd   Thumb Code   206  stm32f4xx_hal_dma.o(i.HAL_DMA_Init)
    HAL_DMA_Start_IT                         0x080014a1   Thumb Code   110  stm32f4xx_hal_dma.o(i.HAL_DMA_Start_IT)
    HAL_Delay                                0x08001511   Thumb Code    32  stm32f4xx_hal.o(i.HAL_Delay)
    HAL_GPIO_Init                            0x08001535   Thumb Code   414  stm32f4xx_hal_gpio.o(i.HAL_GPIO_Init)
    HAL_GPIO_WritePin                        0x08001709   Thumb Code    10  stm32f4xx_hal_gpio.o(i.HAL_GPIO_WritePin)
    HAL_GetTick                              0x08001715   Thumb Code     6  stm32f4xx_hal.o(i.HAL_GetTick)
    HAL_IncTick                              0x08001721   Thumb Code    12  stm32f4xx_hal.o(i.HAL_IncTick)
    HAL_Init                                 0x08001731   Thumb Code    48  stm32f4xx_hal.o(i.HAL_Init)
    HAL_InitTick                             0x08001765   Thumb Code    54  stm32f4xx_hal.o(i.HAL_InitTick)
    HAL_MspInit                              0x080017a5   Thumb Code    42  stm32f4xx_hal_msp.o(i.HAL_MspInit)
    HAL_NVIC_EnableIRQ                       0x080017d5   Thumb Code    26  stm32f4xx_hal_cortex.o(i.HAL_NVIC_EnableIRQ)
    HAL_NVIC_SetPriority                     0x080017f1   Thumb Code    60  stm32f4xx_hal_cortex.o(i.HAL_NVIC_SetPriority)
    HAL_NVIC_SetPriorityGrouping             0x08001831   Thumb Code    26  stm32f4xx_hal_cortex.o(i.HAL_NVIC_SetPriorityGrouping)
    HAL_RCC_ClockConfig                      0x08001855   Thumb Code   288  stm32f4xx_hal_rcc.o(i.HAL_RCC_ClockConfig)
    HAL_RCC_GetPCLK1Freq                     0x08001989   Thumb Code    20  stm32f4xx_hal_rcc.o(i.HAL_RCC_GetPCLK1Freq)
    HAL_RCC_GetPCLK2Freq                     0x080019a9   Thumb Code    20  stm32f4xx_hal_rcc.o(i.HAL_RCC_GetPCLK2Freq)
    HAL_RCC_GetSysClockFreq                  0x080019c9   Thumb Code    88  stm32f4xx_hal_rcc.o(i.HAL_RCC_GetSysClockFreq)
    HAL_RCC_OscConfig                        0x08001a29   Thumb Code   840  stm32f4xx_hal_rcc.o(i.HAL_RCC_OscConfig)
    HAL_SPI_Init                             0x08001d85   Thumb Code   128  stm32f4xx_hal_spi.o(i.HAL_SPI_Init)
    HAL_SPI_MspInit                          0x08001e05   Thumb Code    94  spi.o(i.HAL_SPI_MspInit)
    HAL_SPI_TransmitReceive                  0x08001e71   Thumb Code   482  stm32f4xx_hal_spi.o(i.HAL_SPI_TransmitReceive)
    HAL_SYSTICK_Config                       0x08002053   Thumb Code    40  stm32f4xx_hal_cortex.o(i.HAL_SYSTICK_Config)
    HAL_TIMEx_BreakCallback                  0x0800207b   Thumb Code     2  stm32f4xx_hal_tim_ex.o(i.HAL_TIMEx_BreakCallback)
    HAL_TIMEx_CommutCallback                 0x0800207d   Thumb Code     2  stm32f4xx_hal_tim_ex.o(i.HAL_TIMEx_CommutCallback)
    HAL_TIMEx_MasterConfigSynchronization    0x08002081   Thumb Code   116  stm32f4xx_hal_tim_ex.o(i.HAL_TIMEx_MasterConfigSynchronization)
    HAL_TIM_Base_Init                        0x08002111   Thumb Code    54  stm32f4xx_hal_tim.o(i.HAL_TIM_Base_Init)
    HAL_TIM_Base_MspInit                     0x08002149   Thumb Code    50  tim.o(i.HAL_TIM_Base_MspInit)
    HAL_TIM_Base_Start_IT                    0x08002181   Thumb Code    34  stm32f4xx_hal_tim.o(i.HAL_TIM_Base_Start_IT)
    HAL_TIM_ConfigClockSource                0x080021a3   Thumb Code   214  stm32f4xx_hal_tim.o(i.HAL_TIM_ConfigClockSource)
    HAL_TIM_IC_CaptureCallback               0x08002279   Thumb Code     2  stm32f4xx_hal_tim.o(i.HAL_TIM_IC_CaptureCallback)
    HAL_TIM_IRQHandler                       0x0800227b   Thumb Code   358  stm32f4xx_hal_tim.o(i.HAL_TIM_IRQHandler)
    HAL_TIM_OC_DelayElapsedCallback          0x080023e1   Thumb Code     2  stm32f4xx_hal_tim.o(i.HAL_TIM_OC_DelayElapsedCallback)
    HAL_TIM_PWM_PulseFinishedCallback        0x080023e3   Thumb Code     2  stm32f4xx_hal_tim.o(i.HAL_TIM_PWM_PulseFinishedCallback)
    HAL_TIM_PeriodElapsedCallback            0x080023e5   Thumb Code     2  stm32f4xx_hal_tim.o(i.HAL_TIM_PeriodElapsedCallback)
    HAL_TIM_TriggerCallback                  0x080023e7   Thumb Code     2  stm32f4xx_hal_tim.o(i.HAL_TIM_TriggerCallback)
    HAL_UART_ErrorCallback                   0x080023e9   Thumb Code     2  stm32f4xx_hal_uart.o(i.HAL_UART_ErrorCallback)
    HAL_UART_IRQHandler                      0x080023ed   Thumb Code   270  stm32f4xx_hal_uart.o(i.HAL_UART_IRQHandler)
    HAL_UART_Init                            0x08002501   Thumb Code    98  stm32f4xx_hal_uart.o(i.HAL_UART_Init)
    HAL_UART_MspInit                         0x08002565   Thumb Code   186  usart.o(i.HAL_UART_MspInit)
    HAL_UART_Receive_DMA                     0x08002639   Thumb Code   138  stm32f4xx_hal_uart.o(i.HAL_UART_Receive_DMA)
    HAL_UART_RxCpltCallback                  0x080026d1   Thumb Code     2  stm32f4xx_hal_uart.o(i.HAL_UART_RxCpltCallback)
    HAL_UART_RxHalfCpltCallback              0x080026d3   Thumb Code     2  stm32f4xx_hal_uart.o(i.HAL_UART_RxHalfCpltCallback)
    HAL_UART_TxCpltCallback                  0x080026d5   Thumb Code     2  stm32f4xx_hal_uart.o(i.HAL_UART_TxCpltCallback)
    HardFault_Handler                        0x080026d7   Thumb Code     2  stm32f4xx_it.o(i.HardFault_Handler)
    Laser_Run                                0x080026d9   Thumb Code    10  gpio.o(i.Laser_Run)
    Led_Run                                  0x080026e9   Thumb Code    12  gpio.o(i.Led_Run)
    MX_CAN1_Init                             0x080026f9   Thumb Code    62  can.o(i.MX_CAN1_Init)
    MX_CAN2_Init                             0x08002741   Thumb Code    60  can.o(i.MX_CAN2_Init)
    MX_DMA_Init                              0x08002785   Thumb Code    40  dma.o(i.MX_DMA_Init)
    MX_GPIO_Init                             0x080027b1   Thumb Code   306  gpio.o(i.MX_GPIO_Init)
    MX_SPI5_Init                             0x080028f9   Thumb Code    64  spi.o(i.MX_SPI5_Init)
    MX_TIM2_Init                             0x08002941   Thumb Code    96  tim.o(i.MX_TIM2_Init)
    MX_USART1_UART_Init                      0x080029a5   Thumb Code    52  usart.o(i.MX_USART1_UART_Init)
    MemManage_Handler                        0x080029e1   Thumb Code     2  stm32f4xx_it.o(i.MemManage_Handler)
    Motor_Pos_Analysis                       0x080029e3   Thumb Code    24  yuntab.o(i.Motor_Pos_Analysis)
    Motor_Speed_Analysis                     0x080029fb   Thumb Code    24  robo_base.o(i.Motor_Speed_Analysis)
    NMI_Handler                              0x08002a13   Thumb Code     2  stm32f4xx_it.o(i.NMI_Handler)
    PID_Init                                 0x08002a15   Thumb Code    46  emc.o(i.PID_Init)
    PendSV_Handler                           0x08002a49   Thumb Code     2  stm32f4xx_it.o(i.PendSV_Handler)
    Pos_Info_Analysis                        0x08002a4d   Thumb Code   170  emc.o(i.Pos_Info_Analysis)
    Power_Init                               0x08002b09   Thumb Code    10  gpio.o(i.Power_Init)
    RemoteDataProcess                        0x08002b19   Thumb Code    84  remote.o(i.RemoteDataProcess)
    SPI5_ReadWriteByte                       0x08002b71   Thumb Code    28  spi.o(i.SPI5_ReadWriteByte)
    SVC_Handler                              0x08002c7d   Thumb Code     2  stm32f4xx_it.o(i.SVC_Handler)
    Speed_Info_Analysis                      0x08002c7f   Thumb Code    18  emc.o(i.Speed_Info_Analysis)
    SysTick_Handler                          0x08002c91   Thumb Code     4  stm32f4xx_it.o(i.SysTick_Handler)
    SystemClock_Config                       0x08002c95   Thumb Code   122  main.o(i.SystemClock_Config)
    SystemInit                               0x08002d19   Thumb Code    22  system_stm32f4xx.o(i.SystemInit)
    TIM2_IRQHandler                          0x08002d35   Thumb Code    16  stm32f4xx_it.o(i.TIM2_IRQHandler)
    TIM_Base_SetConfig                       0x08002d49   Thumb Code   156  stm32f4xx_hal_tim.o(i.TIM_Base_SetConfig)
    TIM_ETR_SetConfig                        0x08002e11   Thumb Code    20  stm32f4xx_hal_tim.o(i.TIM_ETR_SetConfig)
    USART1_IRQHandler                        0x0800316d   Thumb Code    24  stm32f4xx_it.o(i.USART1_IRQHandler)
    Uart_DMA_Process                         0x08003195   Thumb Code   106  usart.o(i.Uart_DMA_Process)
    UsageFault_Handler                       0x080031ff   Thumb Code     2  stm32f4xx_it.o(i.UsageFault_Handler)
    Usart_Init                               0x08003201   Thumb Code    58  usart.o(i.Usart_Init)
    Yuntab_Init                              0x08003241   Thumb Code   178  yuntab.o(i.Yuntab_Init)
    __ARM_fpclassify                         0x080032fd   Thumb Code    48  fpclassify.o(i.__ARM_fpclassify)
    __ARM_fpclassifyf                        0x0800332d   Thumb Code    38  fpclassifyf.o(i.__ARM_fpclassifyf)
    __hardfp_asin                            0x08003379   Thumb Code   770  asin.o(i.__hardfp_asin)
    __hardfp_asinf                           0x080036d9   Thumb Code   258  asinf.o(i.__hardfp_asinf)
    __hardfp_atan2f                          0x08003805   Thumb Code   502  atan2f.o(i.__hardfp_atan2f)
    __hardfp_cos                             0x08003a59   Thumb Code   180  cos.o(i.__hardfp_cos)
    __hardfp_sin                             0x08003b21   Thumb Code   180  sin.o(i.__hardfp_sin)
    __hardfp_sqrt                            0x08003be9   Thumb Code   122  sqrt.o(i.__hardfp_sqrt)
    __ieee754_rem_pio2                       0x08003c69   Thumb Code   938  rred.o(i.__ieee754_rem_pio2)
    __kernel_cos                             0x080040a1   Thumb Code   322  cos_i.o(i.__kernel_cos)
    __kernel_poly                            0x08004211   Thumb Code   248  poly.o(i.__kernel_poly)
    __kernel_sin                             0x08004309   Thumb Code   280  sin_i.o(i.__kernel_sin)
    __mathlib_dbl_infnan                     0x08004439   Thumb Code    20  dunder.o(i.__mathlib_dbl_infnan)
    __mathlib_dbl_invalid                    0x08004451   Thumb Code    24  dunder.o(i.__mathlib_dbl_invalid)
    __mathlib_dbl_underflow                  0x08004471   Thumb Code    24  dunder.o(i.__mathlib_dbl_underflow)
    __mathlib_flt_infnan                     0x08004491   Thumb Code     6  funder.o(i.__mathlib_flt_infnan)
    __mathlib_flt_infnan2                    0x08004497   Thumb Code     6  funder.o(i.__mathlib_flt_infnan2)
    __mathlib_flt_invalid                    0x0800449d   Thumb Code    10  funder.o(i.__mathlib_flt_invalid)
    __mathlib_flt_underflow                  0x080044ad   Thumb Code    10  funder.o(i.__mathlib_flt_underflow)
    __scatterload_copy                       0x080044bd   Thumb Code    14  handlers.o(i.__scatterload_copy)
    __scatterload_null                       0x080044cb   Thumb Code     2  handlers.o(i.__scatterload_null)
    __scatterload_zeroinit                   0x080044cd   Thumb Code    14  handlers.o(i.__scatterload_zeroinit)
    __set_errno                              0x080044dd   Thumb Code     6  errno.o(i.__set_errno)
    fabs                                     0x080044e9   Thumb Code    24  fabs.o(i.fabs)
    imuComputeRotationMatrix                 0x08004501   Thumb Code   178  quaternion.o(i.imuComputeRotationMatrix)
    imuUpdate                                0x080045bd   Thumb Code   598  quaternion.o(i.imuUpdate)
    imu_attitude_update                      0x08004829   Thumb Code   144  imu_analysis.o(i.imu_attitude_update)
    main                                     0x080048f5   Thumb Code    42  main.o(i.main)
    malloc                                   0x08004921   Thumb Code    92  malloc.o(i.malloc)
    mpu_device_init                          0x0800498d   Thumb Code   200  imu_analysis.o(i.mpu_device_init)
    mpu_get_data                             0x08004a61   Thumb Code   456  imu_analysis.o(i.mpu_get_data)
    mpu_offset_call                          0x08004c3d   Thumb Code   294  imu_analysis.o(i.mpu_offset_call)
    mpu_read_byte                            0x08004d7d   Thumb Code    52  imu_analysis.o(i.mpu_read_byte)
    mpu_read_bytes                           0x08004db9   Thumb Code    90  imu_analysis.o(i.mpu_read_bytes)
    mpu_write_byte                           0x08004e1d   Thumb Code    56  imu_analysis.o(i.mpu_write_byte)
    quaternion_init                          0x08004e5d   Thumb Code   242  quaternion.o(i.quaternion_init)
    sqrt                                     0x08004f55   Thumb Code   110  sqrt.o(i.sqrt)
    sqrtf                                    0x08004fc3   Thumb Code    62  sqrtf.o(i.sqrtf)
    AHBPrescTable                            0x0800501c   Data          16  system_stm32f4xx.o(.constdata)
    APBPrescTable                            0x0800502c   Data           8  system_stm32f4xx.o(.constdata)
    Region$$Table$$Base                      0x080051a8   Number         0  anon$$obj.o(Region$$Table)
    Region$$Table$$Limit                     0x080051c8   Number         0  anon$$obj.o(Region$$Table)
    id                                       0x20000000   Data           1  imu_analysis.o(.data)
    Kp                                       0x20000008   Data           4  quaternion.o(.data)
    Ki                                       0x2000000c   Data           4  quaternion.o(.data)
    exInt                                    0x20000020   Data           4  quaternion.o(.data)
    eyInt                                    0x20000024   Data           4  quaternion.o(.data)
    ezInt                                    0x20000028   Data           4  quaternion.o(.data)
    eInit_max                                0x2000002c   Data           4  quaternion.o(.data)
    RC_CtrlData                              0x20000030   Data          10  remote.o(.data)
    uwTickFreq                               0x20000040   Data           1  stm32f4xx_hal.o(.data)
    uwTickPrio                               0x20000044   Data           4  stm32f4xx_hal.o(.data)
    uwTick                                   0x20000048   Data           4  stm32f4xx_hal.o(.data)
    SystemCoreClock                          0x2000004c   Data           4  system_stm32f4xx.o(.data)
    __microlib_freelist                      0x20000050   Data           4  mvars.o(.data)
    __microlib_freelist_initialised          0x20000054   Data           4  mvars.o(.data)
    IMU                                      0x2000005c   Data          80  imu_analysis.o(.bss)
    mpu_data                                 0x200000ac   Data          38  imu_analysis.o(.bss)
    Robo                                     0x200000f8   Data         204  robo_base.o(.bss)
    Robo_yun                                 0x200001c4   Data         264  yuntab.o(.bss)
    hcan1                                    0x200002cc   Data          40  can.o(.bss)
    hcan2                                    0x200002f4   Data          40  can.o(.bss)
    hspi5                                    0x2000031c   Data          88  spi.o(.bss)
    htim2                                    0x20000374   Data          64  tim.o(.bss)
    Uart1_Rx                                 0x200003b4   Data          12  usart.o(.bss)
    huart1                                   0x200003c0   Data          64  usart.o(.bss)
    hdma_usart1_rx                           0x20000400   Data          96  usart.o(.bss)
    RxMessage_can1                           0x20000460   Data          28  stm32f4xx_it.o(.bss)
    RxMessage_can2                           0x2000047c   Data          28  stm32f4xx_it.o(.bss)
    __heap_base                              0x20000498   Data           0  startup_stm32f427xx.o(HEAP)
    __heap_limit                             0x20000698   Data           0  startup_stm32f427xx.o(HEAP)
    __initial_sp                             0x20000a98   Data           0  startup_stm32f427xx.o(STACK)



==============================================================================

Memory Map of the image

  Image Entry point : 0x080001ad

  Load Region LR_IROM1 (Base: 0x08000000, Size: 0x00005224, Max: 0x00200000, ABSOLUTE)

    Execution Region ER_IROM1 (Exec base: 0x08000000, Load base: 0x08000000, Size: 0x000051c8, Max: 0x00200000, ABSOLUTE)

    Exec Addr    Load Addr    Size         Type   Attr      Idx    E Section Name        Object

    0x08000000   0x08000000   0x000001ac   Data   RO            3    RESET               startup_stm32f427xx.o
    0x080001ac   0x080001ac   0x00000000   Code   RO         4156  * .ARM.Collect$$$$00000000  mc_w.l(entry.o)
    0x080001ac   0x080001ac   0x00000004   Code   RO         4273    .ARM.Collect$$$$00000001  mc_w.l(entry2.o)
    0x080001b0   0x080001b0   0x00000004   Code   RO         4276    .ARM.Collect$$$$00000004  mc_w.l(entry5.o)
    0x080001b4   0x080001b4   0x00000000   Code   RO         4278    .ARM.Collect$$$$00000008  mc_w.l(entry7b.o)
    0x080001b4   0x080001b4   0x00000000   Code   RO         4280    .ARM.Collect$$$$0000000A  mc_w.l(entry8b.o)
    0x080001b4   0x080001b4   0x00000008   Code   RO         4281    .ARM.Collect$$$$0000000B  mc_w.l(entry9a.o)
    0x080001bc   0x080001bc   0x00000000   Code   RO         4283    .ARM.Collect$$$$0000000D  mc_w.l(entry10a.o)
    0x080001bc   0x080001bc   0x00000000   Code   RO         4285    .ARM.Collect$$$$0000000F  mc_w.l(entry11a.o)
    0x080001bc   0x080001bc   0x00000004   Code   RO         4274    .ARM.Collect$$$$00002712  mc_w.l(entry2.o)
    0x080001c0   0x080001c0   0x00000024   Code   RO            4    .text               startup_stm32f427xx.o
    0x080001e4   0x080001e4   0x00000062   Code   RO         4159    .text               mc_w.l(uldiv.o)
    0x08000246   0x08000246   0x00000024   Code   RO         4161    .text               mc_w.l(memcpya.o)
    0x0800026a   0x0800026a   0x00000024   Code   RO         4163    .text               mc_w.l(memseta.o)
    0x0800028e   0x0800028e   0x0000014e   Code   RO         4195    .text               mf_w.l(dadd.o)
    0x080003dc   0x080003dc   0x000000e4   Code   RO         4197    .text               mf_w.l(dmul.o)
    0x080004c0   0x080004c0   0x000000de   Code   RO         4199    .text               mf_w.l(ddiv.o)
    0x0800059e   0x0800059e   0x00000022   Code   RO         4201    .text               mf_w.l(dflti.o)
    0x080005c0   0x080005c0   0x00000026   Code   RO         4203    .text               mf_w.l(f2d.o)
    0x080005e6   0x080005e6   0x00000038   Code   RO         4205    .text               mf_w.l(d2f.o)
    0x0800061e   0x0800061e   0x0000001e   Code   RO         4287    .text               mc_w.l(llshl.o)
    0x0800063c   0x0800063c   0x00000020   Code   RO         4289    .text               mc_w.l(llushr.o)
    0x0800065c   0x0800065c   0x00000024   Code   RO         4291    .text               mc_w.l(llsshr.o)
    0x08000680   0x08000680   0x00000000   Code   RO         4302    .text               mc_w.l(iusefp.o)
    0x08000680   0x08000680   0x0000006e   Code   RO         4303    .text               mf_w.l(fepilogue.o)
    0x080006ee   0x080006ee   0x000000ba   Code   RO         4305    .text               mf_w.l(depilogue.o)
    0x080007a8   0x080007a8   0x000000a2   Code   RO         4309    .text               mf_w.l(dsqrt.o)
    0x0800084a   0x0800084a   0x00000002   PAD
    0x0800084c   0x0800084c   0x00000024   Code   RO         4313    .text               mc_w.l(init.o)
    0x08000870   0x08000870   0x0000001a   Code   RO         4315    .text               mf_w.l(dfltui.o)
    0x0800088a   0x0800088a   0x0000003e   Code   RO         4317    .text               mf_w.l(dfixi.o)
    0x080008c8   0x080008c8   0x00000068   Code   RO          271    i.All_Init          init.o
    0x08000930   0x08000930   0x0000009c   Code   RO          408    i.BASE_Init         robo_base.o
    0x080009cc   0x080009cc   0x00000002   Code   RO          890    i.BusFault_Handler  stm32f4xx_it.o
    0x080009ce   0x080009ce   0x00000002   PAD
    0x080009d0   0x080009d0   0x00000048   Code   RO          891    i.CAN1_RX0_IRQHandler  stm32f4xx_it.o
    0x08000a18   0x08000a18   0x00000038   Code   RO          892    i.CAN2_RX0_IRQHandler  stm32f4xx_it.o
    0x08000a50   0x08000a50   0x00000038   Code   RO          664    i.CAN_FilterConfig  can.o
    0x08000a88   0x08000a88   0x0000000c   Code   RO          893    i.DMA2_Stream2_IRQHandler  stm32f4xx_it.o
    0x08000a94   0x08000a94   0x00000028   Code   RO         1768    i.DMA_CalcBaseAndBitshift  stm32f4xx_hal_dma.o
    0x08000abc   0x08000abc   0x00000054   Code   RO         1769    i.DMA_CheckFifoParam  stm32f4xx_hal_dma.o
    0x08000b10   0x08000b10   0x00000028   Code   RO         1770    i.DMA_SetConfig     stm32f4xx_hal_dma.o
    0x08000b38   0x08000b38   0x00000002   Code   RO          894    i.DebugMon_Handler  stm32f4xx_it.o
    0x08000b3a   0x08000b3a   0x00000002   Code   RO          583    i.Error_Handler     main.o
    0x08000b3c   0x08000b3c   0x0000002c   Code   RO           13    i.Filter_one        imu_analysis.o
    0x08000b68   0x08000b68   0x00000024   Code   RO         1024    i.HAL_CAN_ActivateNotification  stm32f4xx_hal_can.o
    0x08000b8c   0x08000b8c   0x0000010c   Code   RO         1026    i.HAL_CAN_ConfigFilter  stm32f4xx_hal_can.o
    0x08000c98   0x08000c98   0x00000002   Code   RO         1029    i.HAL_CAN_ErrorCallback  stm32f4xx_hal_can.o
    0x08000c9a   0x08000c9a   0x000000e8   Code   RO         1032    i.HAL_CAN_GetRxMessage  stm32f4xx_hal_can.o
    0x08000d82   0x08000d82   0x000001fc   Code   RO         1036    i.HAL_CAN_IRQHandler  stm32f4xx_hal_can.o
    0x08000f7e   0x08000f7e   0x0000011a   Code   RO         1037    i.HAL_CAN_Init      stm32f4xx_hal_can.o
    0x08001098   0x08001098   0x000000fc   Code   RO          666    i.HAL_CAN_MspInit   can.o
    0x08001194   0x08001194   0x00000002   Code   RO         1044    i.HAL_CAN_RxFifo0FullCallback  stm32f4xx_hal_can.o
    0x08001196   0x08001196   0x00000002   Code   RO         1045    i.HAL_CAN_RxFifo0MsgPendingCallback  stm32f4xx_hal_can.o
    0x08001198   0x08001198   0x00000002   Code   RO         1046    i.HAL_CAN_RxFifo1FullCallback  stm32f4xx_hal_can.o
    0x0800119a   0x0800119a   0x00000002   Code   RO         1047    i.HAL_CAN_RxFifo1MsgPendingCallback  stm32f4xx_hal_can.o
    0x0800119c   0x0800119c   0x00000002   Code   RO         1048    i.HAL_CAN_SleepCallback  stm32f4xx_hal_can.o
    0x0800119e   0x0800119e   0x00000002   PAD
    0x080011a0   0x080011a0   0x00000058   Code   RO         1049    i.HAL_CAN_Start     stm32f4xx_hal_can.o
    0x080011f8   0x080011f8   0x00000002   Code   RO         1051    i.HAL_CAN_TxMailbox0AbortCallback  stm32f4xx_hal_can.o
    0x080011fa   0x080011fa   0x00000002   Code   RO         1052    i.HAL_CAN_TxMailbox0CompleteCallback  stm32f4xx_hal_can.o
    0x080011fc   0x080011fc   0x00000002   Code   RO         1053    i.HAL_CAN_TxMailbox1AbortCallback  stm32f4xx_hal_can.o
    0x080011fe   0x080011fe   0x00000002   Code   RO         1054    i.HAL_CAN_TxMailbox1CompleteCallback  stm32f4xx_hal_can.o
    0x08001200   0x08001200   0x00000002   Code   RO         1055    i.HAL_CAN_TxMailbox2AbortCallback  stm32f4xx_hal_can.o
    0x08001202   0x08001202   0x00000002   Code   RO         1056    i.HAL_CAN_TxMailbox2CompleteCallback  stm32f4xx_hal_can.o
    0x08001204   0x08001204   0x00000002   Code   RO         1058    i.HAL_CAN_WakeUpFromRxMsgCallback  stm32f4xx_hal_can.o
    0x08001206   0x08001206   0x00000024   Code   RO         1772    i.HAL_DMA_Abort_IT  stm32f4xx_hal_dma.o
    0x0800122a   0x0800122a   0x00000002   PAD
    0x0800122c   0x0800122c   0x000001a0   Code   RO         1776    i.HAL_DMA_IRQHandler  stm32f4xx_hal_dma.o
    0x080013cc   0x080013cc   0x000000d4   Code   RO         1777    i.HAL_DMA_Init      stm32f4xx_hal_dma.o
    0x080014a0   0x080014a0   0x0000006e   Code   RO         1781    i.HAL_DMA_Start_IT  stm32f4xx_hal_dma.o
    0x0800150e   0x0800150e   0x00000002   PAD
    0x08001510   0x08001510   0x00000024   Code   RO         2208    i.HAL_Delay         stm32f4xx_hal.o
    0x08001534   0x08001534   0x000001d4   Code   RO         1664    i.HAL_GPIO_Init     stm32f4xx_hal_gpio.o
    0x08001708   0x08001708   0x0000000a   Code   RO         1668    i.HAL_GPIO_WritePin  stm32f4xx_hal_gpio.o
    0x08001712   0x08001712   0x00000002   PAD
    0x08001714   0x08001714   0x0000000c   Code   RO         2216    i.HAL_GetTick       stm32f4xx_hal.o
    0x08001720   0x08001720   0x00000010   Code   RO         2222    i.HAL_IncTick       stm32f4xx_hal.o
    0x08001730   0x08001730   0x00000034   Code   RO         2223    i.HAL_Init          stm32f4xx_hal.o
    0x08001764   0x08001764   0x00000040   Code   RO         2224    i.HAL_InitTick      stm32f4xx_hal.o
    0x080017a4   0x080017a4   0x00000030   Code   RO          999    i.HAL_MspInit       stm32f4xx_hal_msp.o
    0x080017d4   0x080017d4   0x0000001a   Code   RO         2071    i.HAL_NVIC_EnableIRQ  stm32f4xx_hal_cortex.o
    0x080017ee   0x080017ee   0x00000002   PAD
    0x080017f0   0x080017f0   0x00000040   Code   RO         2077    i.HAL_NVIC_SetPriority  stm32f4xx_hal_cortex.o
    0x08001830   0x08001830   0x00000024   Code   RO         2078    i.HAL_NVIC_SetPriorityGrouping  stm32f4xx_hal_cortex.o
    0x08001854   0x08001854   0x00000134   Code   RO         1258    i.HAL_RCC_ClockConfig  stm32f4xx_hal_rcc.o
    0x08001988   0x08001988   0x00000020   Code   RO         1265    i.HAL_RCC_GetPCLK1Freq  stm32f4xx_hal_rcc.o
    0x080019a8   0x080019a8   0x00000020   Code   RO         1266    i.HAL_RCC_GetPCLK2Freq  stm32f4xx_hal_rcc.o
    0x080019c8   0x080019c8   0x00000060   Code   RO         1267    i.HAL_RCC_GetSysClockFreq  stm32f4xx_hal_rcc.o
    0x08001a28   0x08001a28   0x0000035c   Code   RO         1270    i.HAL_RCC_OscConfig  stm32f4xx_hal_rcc.o
    0x08001d84   0x08001d84   0x00000080   Code   RO         2482    i.HAL_SPI_Init      stm32f4xx_hal_spi.o
    0x08001e04   0x08001e04   0x0000006c   Code   RO          744    i.HAL_SPI_MspInit   spi.o
    0x08001e70   0x08001e70   0x000001e2   Code   RO         2491    i.HAL_SPI_TransmitReceive  stm32f4xx_hal_spi.o
    0x08002052   0x08002052   0x00000028   Code   RO         2082    i.HAL_SYSTICK_Config  stm32f4xx_hal_cortex.o
    0x0800207a   0x0800207a   0x00000002   Code   RO         3470    i.HAL_TIMEx_BreakCallback  stm32f4xx_hal_tim_ex.o
    0x0800207c   0x0800207c   0x00000002   Code   RO         3471    i.HAL_TIMEx_CommutCallback  stm32f4xx_hal_tim_ex.o
    0x0800207e   0x0800207e   0x00000002   PAD
    0x08002080   0x08002080   0x00000090   Code   RO         3488    i.HAL_TIMEx_MasterConfigSynchronization  stm32f4xx_hal_tim_ex.o
    0x08002110   0x08002110   0x00000036   Code   RO         2795    i.HAL_TIM_Base_Init  stm32f4xx_hal_tim.o
    0x08002146   0x08002146   0x00000002   PAD
    0x08002148   0x08002148   0x00000038   Code   RO          792    i.HAL_TIM_Base_MspInit  tim.o
    0x08002180   0x08002180   0x00000022   Code   RO         2800    i.HAL_TIM_Base_Start_IT  stm32f4xx_hal_tim.o
    0x080021a2   0x080021a2   0x000000d6   Code   RO         2804    i.HAL_TIM_ConfigClockSource  stm32f4xx_hal_tim.o
    0x08002278   0x08002278   0x00000002   Code   RO         2824    i.HAL_TIM_IC_CaptureCallback  stm32f4xx_hal_tim.o
    0x0800227a   0x0800227a   0x00000166   Code   RO         2838    i.HAL_TIM_IRQHandler  stm32f4xx_hal_tim.o
    0x080023e0   0x080023e0   0x00000002   Code   RO         2841    i.HAL_TIM_OC_DelayElapsedCallback  stm32f4xx_hal_tim.o
    0x080023e2   0x080023e2   0x00000002   Code   RO         2868    i.HAL_TIM_PWM_PulseFinishedCallback  stm32f4xx_hal_tim.o
    0x080023e4   0x080023e4   0x00000002   Code   RO         2876    i.HAL_TIM_PeriodElapsedCallback  stm32f4xx_hal_tim.o
    0x080023e6   0x080023e6   0x00000002   Code   RO         2881    i.HAL_TIM_TriggerCallback  stm32f4xx_hal_tim.o
    0x080023e8   0x080023e8   0x00000002   Code   RO         3742    i.HAL_UART_ErrorCallback  stm32f4xx_hal_uart.o
    0x080023ea   0x080023ea   0x00000002   PAD
    0x080023ec   0x080023ec   0x00000114   Code   RO         3745    i.HAL_UART_IRQHandler  stm32f4xx_hal_uart.o
    0x08002500   0x08002500   0x00000062   Code   RO         3746    i.HAL_UART_Init     stm32f4xx_hal_uart.o
    0x08002562   0x08002562   0x00000002   PAD
    0x08002564   0x08002564   0x000000d4   Code   RO          834    i.HAL_UART_MspInit  usart.o
    0x08002638   0x08002638   0x00000098   Code   RO         3750    i.HAL_UART_Receive_DMA  stm32f4xx_hal_uart.o
    0x080026d0   0x080026d0   0x00000002   Code   RO         3752    i.HAL_UART_RxCpltCallback  stm32f4xx_hal_uart.o
    0x080026d2   0x080026d2   0x00000002   Code   RO         3753    i.HAL_UART_RxHalfCpltCallback  stm32f4xx_hal_uart.o
    0x080026d4   0x080026d4   0x00000002   Code   RO         3757    i.HAL_UART_TxCpltCallback  stm32f4xx_hal_uart.o
    0x080026d6   0x080026d6   0x00000002   Code   RO          895    i.HardFault_Handler  stm32f4xx_it.o
    0x080026d8   0x080026d8   0x00000010   Code   RO          622    i.Laser_Run         gpio.o
    0x080026e8   0x080026e8   0x00000010   Code   RO          623    i.Led_Run           gpio.o
    0x080026f8   0x080026f8   0x00000048   Code   RO          667    i.MX_CAN1_Init      can.o
    0x08002740   0x08002740   0x00000044   Code   RO          668    i.MX_CAN2_Init      can.o
    0x08002784   0x08002784   0x0000002c   Code   RO          719    i.MX_DMA_Init       dma.o
    0x080027b0   0x080027b0   0x00000148   Code   RO          624    i.MX_GPIO_Init      gpio.o
    0x080028f8   0x080028f8   0x00000048   Code   RO          745    i.MX_SPI5_Init      spi.o
    0x08002940   0x08002940   0x00000064   Code   RO          793    i.MX_TIM2_Init      tim.o
    0x080029a4   0x080029a4   0x0000003c   Code   RO          835    i.MX_USART1_UART_Init  usart.o
    0x080029e0   0x080029e0   0x00000002   Code   RO          896    i.MemManage_Handler  stm32f4xx_it.o
    0x080029e2   0x080029e2   0x00000018   Code   RO          532    i.Motor_Pos_Analysis  yuntab.o
    0x080029fa   0x080029fa   0x00000018   Code   RO          411    i.Motor_Speed_Analysis  robo_base.o
    0x08002a12   0x08002a12   0x00000002   Code   RO          897    i.NMI_Handler       stm32f4xx_it.o
    0x08002a14   0x08002a14   0x00000034   Code   RO          479    i.PID_Init          emc.o
    0x08002a48   0x08002a48   0x00000002   Code   RO          898    i.PendSV_Handler    stm32f4xx_it.o
    0x08002a4a   0x08002a4a   0x00000002   PAD
    0x08002a4c   0x08002a4c   0x000000bc   Code   RO          482    i.Pos_Info_Analysis  emc.o
    0x08002b08   0x08002b08   0x00000010   Code   RO          625    i.Power_Init        gpio.o
    0x08002b18   0x08002b18   0x00000058   Code   RO          381    i.RemoteDataProcess  remote.o
    0x08002b70   0x08002b70   0x00000020   Code   RO          746    i.SPI5_ReadWriteByte  spi.o
    0x08002b90   0x08002b90   0x00000058   Code   RO         2520    i.SPI_EndRxTxTransaction  stm32f4xx_hal_spi.o
    0x08002be8   0x08002be8   0x00000094   Code   RO         2525    i.SPI_WaitFlagStateUntilTimeout  stm32f4xx_hal_spi.o
    0x08002c7c   0x08002c7c   0x00000002   Code   RO          899    i.SVC_Handler       stm32f4xx_it.o
    0x08002c7e   0x08002c7e   0x00000012   Code   RO          483    i.Speed_Info_Analysis  emc.o
    0x08002c90   0x08002c90   0x00000004   Code   RO          900    i.SysTick_Handler   stm32f4xx_it.o
    0x08002c94   0x08002c94   0x00000084   Code   RO          584    i.SystemClock_Config  main.o
    0x08002d18   0x08002d18   0x0000001c   Code   RO         4048    i.SystemInit        system_stm32f4xx.o
    0x08002d34   0x08002d34   0x00000014   Code   RO          901    i.TIM2_IRQHandler   stm32f4xx_it.o
    0x08002d48   0x08002d48   0x000000c8   Code   RO         2883    i.TIM_Base_SetConfig  stm32f4xx_hal_tim.o
    0x08002e10   0x08002e10   0x00000014   Code   RO         2894    i.TIM_ETR_SetConfig  stm32f4xx_hal_tim.o
    0x08002e24   0x08002e24   0x00000010   Code   RO         2895    i.TIM_ITRx_SetConfig  stm32f4xx_hal_tim.o
    0x08002e34   0x08002e34   0x00000022   Code   RO         2901    i.TIM_TI1_ConfigInputStage  stm32f4xx_hal_tim.o
    0x08002e56   0x08002e56   0x00000024   Code   RO         2903    i.TIM_TI2_ConfigInputStage  stm32f4xx_hal_tim.o
    0x08002e7a   0x08002e7a   0x00000010   Code   RO         3759    i.UART_DMAAbortOnError  stm32f4xx_hal_uart.o
    0x08002e8a   0x08002e8a   0x0000004a   Code   RO         3760    i.UART_DMAError     stm32f4xx_hal_uart.o
    0x08002ed4   0x08002ed4   0x0000003c   Code   RO         3761    i.UART_DMAReceiveCplt  stm32f4xx_hal_uart.o
    0x08002f10   0x08002f10   0x0000000a   Code   RO         3763    i.UART_DMARxHalfCplt  stm32f4xx_hal_uart.o
    0x08002f1a   0x08002f1a   0x0000001c   Code   RO         3769    i.UART_EndRxTransfer  stm32f4xx_hal_uart.o
    0x08002f36   0x08002f36   0x00000012   Code   RO         3770    i.UART_EndTxTransfer  stm32f4xx_hal_uart.o
    0x08002f48   0x08002f48   0x00000096   Code   RO         3771    i.UART_Receive_IT   stm32f4xx_hal_uart.o
    0x08002fde   0x08002fde   0x00000002   PAD
    0x08002fe0   0x08002fe0   0x00000128   Code   RO         3772    i.UART_SetConfig    stm32f4xx_hal_uart.o
    0x08003108   0x08003108   0x00000062   Code   RO         3773    i.UART_Transmit_IT  stm32f4xx_hal_uart.o
    0x0800316a   0x0800316a   0x00000002   PAD
    0x0800316c   0x0800316c   0x00000028   Code   RO          902    i.USART1_IRQHandler  stm32f4xx_it.o
    0x08003194   0x08003194   0x0000006a   Code   RO          836    i.Uart_DMA_Process  usart.o
    0x080031fe   0x080031fe   0x00000002   Code   RO          903    i.UsageFault_Handler  stm32f4xx_it.o
    0x08003200   0x08003200   0x00000040   Code   RO          837    i.Usart_Init        usart.o
    0x08003240   0x08003240   0x000000bc   Code   RO          535    i.Yuntab_Init       yuntab.o
    0x080032fc   0x080032fc   0x00000030   Code   RO         4230    i.__ARM_fpclassify  m_wm.l(fpclassify.o)
    0x0800332c   0x0800332c   0x00000026   Code   RO         4232    i.__ARM_fpclassifyf  m_wm.l(fpclassifyf.o)
    0x08003352   0x08003352   0x00000020   Code   RO         2084    i.__NVIC_SetPriority  stm32f4xx_hal_cortex.o
    0x08003372   0x08003372   0x00000006   PAD
    0x08003378   0x08003378   0x00000360   Code   RO         4082    i.__hardfp_asin     m_wm.l(asin.o)
    0x080036d8   0x080036d8   0x0000012c   Code   RO         4096    i.__hardfp_asinf    m_wm.l(asinf.o)
    0x08003804   0x08003804   0x00000250   Code   RO         4108    i.__hardfp_atan2f   m_wm.l(atan2f.o)
    0x08003a54   0x08003a54   0x00000004   PAD
    0x08003a58   0x08003a58   0x000000c8   Code   RO         4120    i.__hardfp_cos      m_wm.l(cos.o)
    0x08003b20   0x08003b20   0x000000c8   Code   RO         4132    i.__hardfp_sin      m_wm.l(sin.o)
    0x08003be8   0x08003be8   0x0000007a   Code   RO         4144    i.__hardfp_sqrt     m_wm.l(sqrt.o)
    0x08003c62   0x08003c62   0x00000006   PAD
    0x08003c68   0x08003c68   0x00000438   Code   RO         4250    i.__ieee754_rem_pio2  m_wm.l(rred.o)
    0x080040a0   0x080040a0   0x00000170   Code   RO         4207    i.__kernel_cos      m_wm.l(cos_i.o)
    0x08004210   0x08004210   0x000000f8   Code   RO         4248    i.__kernel_poly     m_wm.l(poly.o)
    0x08004308   0x08004308   0x00000130   Code   RO         4255    i.__kernel_sin      m_wm.l(sin_i.o)
    0x08004438   0x08004438   0x00000014   Code   RO         4211    i.__mathlib_dbl_infnan  m_wm.l(dunder.o)
    0x0800444c   0x0800444c   0x00000004   PAD
    0x08004450   0x08004450   0x00000020   Code   RO         4213    i.__mathlib_dbl_invalid  m_wm.l(dunder.o)
    0x08004470   0x08004470   0x00000020   Code   RO         4216    i.__mathlib_dbl_underflow  m_wm.l(dunder.o)
    0x08004490   0x08004490   0x00000006   Code   RO         4235    i.__mathlib_flt_infnan  m_wm.l(funder.o)
    0x08004496   0x08004496   0x00000006   Code   RO         4236    i.__mathlib_flt_infnan2  m_wm.l(funder.o)
    0x0800449c   0x0800449c   0x00000010   Code   RO         4237    i.__mathlib_flt_invalid  m_wm.l(funder.o)
    0x080044ac   0x080044ac   0x00000010   Code   RO         4240    i.__mathlib_flt_underflow  m_wm.l(funder.o)
    0x080044bc   0x080044bc   0x0000000e   Code   RO         4321    i.__scatterload_copy  mc_w.l(handlers.o)
    0x080044ca   0x080044ca   0x00000002   Code   RO         4322    i.__scatterload_null  mc_w.l(handlers.o)
    0x080044cc   0x080044cc   0x0000000e   Code   RO         4323    i.__scatterload_zeroinit  mc_w.l(handlers.o)
    0x080044da   0x080044da   0x00000002   PAD
    0x080044dc   0x080044dc   0x0000000c   Code   RO         4297    i.__set_errno       mc_w.l(errno.o)
    0x080044e8   0x080044e8   0x00000018   Code   RO         4226    i.fabs              m_wm.l(fabs.o)
    0x08004500   0x08004500   0x000000bc   Code   RO          335    i.imuComputeRotationMatrix  quaternion.o
    0x080045bc   0x080045bc   0x0000026c   Code   RO          336    i.imuUpdate         quaternion.o
    0x08004828   0x08004828   0x000000a0   Code   RO           16    i.imu_attitude_update  imu_analysis.o
    0x080048c8   0x080048c8   0x0000002c   Code   RO          337    i.invSqrt           quaternion.o
    0x080048f4   0x080048f4   0x0000002a   Code   RO          585    i.main              main.o
    0x0800491e   0x0800491e   0x00000002   PAD
    0x08004920   0x08004920   0x0000006c   Code   RO         4168    i.malloc            mc_w.l(malloc.o)
    0x0800498c   0x0800498c   0x000000d4   Code   RO           22    i.mpu_device_init   imu_analysis.o
    0x08004a60   0x08004a60   0x000001dc   Code   RO           23    i.mpu_get_data      imu_analysis.o
    0x08004c3c   0x08004c3c   0x00000140   Code   RO           25    i.mpu_offset_call   imu_analysis.o
    0x08004d7c   0x08004d7c   0x0000003c   Code   RO           26    i.mpu_read_byte     imu_analysis.o
    0x08004db8   0x08004db8   0x00000064   Code   RO           27    i.mpu_read_bytes    imu_analysis.o
    0x08004e1c   0x08004e1c   0x00000040   Code   RO           30    i.mpu_write_byte    imu_analysis.o
    0x08004e5c   0x08004e5c   0x000000f8   Code   RO          338    i.quaternion_init   quaternion.o
    0x08004f54   0x08004f54   0x0000006e   Code   RO         4146    i.sqrt              m_wm.l(sqrt.o)
    0x08004fc2   0x08004fc2   0x0000003e   Code   RO         4263    i.sqrtf             m_wm.l(sqrtf.o)
    0x08005000   0x08005000   0x00000014   Data   RO           34    .constdata          imu_analysis.o
    0x08005014   0x08005014   0x00000008   Data   RO         1783    .constdata          stm32f4xx_hal_dma.o
    0x0800501c   0x0800501c   0x00000010   Data   RO         4049    .constdata          system_stm32f4xx.o
    0x0800502c   0x0800502c   0x00000008   Data   RO         4050    .constdata          system_stm32f4xx.o
    0x08005034   0x08005034   0x00000004   PAD
    0x08005038   0x08005038   0x00000050   Data   RO         4085    .constdata          m_wm.l(asin.o)
    0x08005088   0x08005088   0x00000030   Data   RO         4208    .constdata          m_wm.l(cos_i.o)
    0x080050b8   0x080050b8   0x000000c8   Data   RO         4252    .constdata          m_wm.l(rred.o)
    0x08005180   0x08005180   0x00000028   Data   RO         4256    .constdata          m_wm.l(sin_i.o)
    0x080051a8   0x080051a8   0x00000020   Data   RO         4319    Region$$Table       anon$$obj.o


    Execution Region RW_IRAM2 (Exec base: 0x10000000, Load base: 0x08005224, Size: 0x00000000, Max: 0x00010000, ABSOLUTE)

    **** No section assigned to this execution region ****


    Execution Region RW_IRAM1 (Exec base: 0x20000000, Load base: 0x080051c8, Size: 0x00000a98, Max: 0x00030000, ABSOLUTE)

    Exec Addr    Load Addr    Size         Type   Attr      Idx    E Section Name        Object

    0x20000000   0x080051c8   0x00000008   Data   RW           35    .data               imu_analysis.o
    0x20000008   0x080051d0   0x00000028   Data   RW          340    .data               quaternion.o
    0x20000030   0x080051f8   0x0000000a   Data   RW          382    .data               remote.o
    0x2000003a   0x08005202   0x00000002   PAD
    0x2000003c   0x08005204   0x00000004   Data   RW          670    .data               can.o
    0x20000040   0x08005208   0x0000000c   Data   RW         2230    .data               stm32f4xx_hal.o
    0x2000004c   0x08005214   0x00000004   Data   RW         4051    .data               system_stm32f4xx.o
    0x20000050   0x08005218   0x00000004   Data   RW         4293    .data               mc_w.l(mvars.o)
    0x20000054   0x0800521c   0x00000004   Data   RW         4294    .data               mc_w.l(mvars.o)
    0x20000058   0x08005220   0x00000004   Data   RW         4298    .data               mc_w.l(errno.o)
    0x2000005c        -       0x00000076   Zero   RW           31    .bss                imu_analysis.o
    0x200000d2   0x08005224   0x00000002   PAD
    0x200000d4        -       0x00000024   Zero   RW          339    .bss                quaternion.o
    0x200000f8        -       0x000000cc   Zero   RW          416    .bss                robo_base.o
    0x200001c4        -       0x00000108   Zero   RW          537    .bss                yuntab.o
    0x200002cc        -       0x00000050   Zero   RW          669    .bss                can.o
    0x2000031c        -       0x00000058   Zero   RW          747    .bss                spi.o
    0x20000374        -       0x00000040   Zero   RW          794    .bss                tim.o
    0x200003b4        -       0x000000ac   Zero   RW          838    .bss                usart.o
    0x20000460        -       0x00000038   Zero   RW          904    .bss                stm32f4xx_it.o
    0x20000498        -       0x00000200   Zero   RW            2    HEAP                startup_stm32f427xx.o
    0x20000698        -       0x00000400   Zero   RW            1    STACK               startup_stm32f427xx.o


==============================================================================

Image component sizes


      Code (inc. data)   RO Data    RW Data    ZI Data      Debug   Object Name

       448         48          0          4         80       3305   can.o
        44          4          0          0          0        842   dma.o
       258         24          0          0          0       2501   emc.o
       376         38          0          0          0       2610   gpio.o
      1436        106         20          8        118     790947   imu_analysis.o
       104         20          0          0          0       4644   init.o
       176         10          0          0          0       2156   main.o
      1100         42          0         40         36       4319   quaternion.o
        88          4          0         10          0       1122   remote.o
       180         10          0          0        204       2155   robo_base.o
       212         26          0          0         88       2422   spi.o
        36          8        428          0       1536        880   startup_stm32f427xx.o
       180         28          0         12          0       9913   stm32f4xx_hal.o
      1440          6          0          0          0      14600   stm32f4xx_hal_can.o
       198         14          0          0          0      34223   stm32f4xx_hal_cortex.o
       938         16          8          0          0       6822   stm32f4xx_hal_dma.o
       478         54          0          0          0       2544   stm32f4xx_hal_gpio.o
        48          6          0          0          0        918   stm32f4xx_hal_msp.o
      1328         72          0          0          0       5492   stm32f4xx_hal_rcc.o
       846          8          0          0          0       4961   stm32f4xx_hal_spi.o
       976         44          0          0          0      11241   stm32f4xx_hal_tim.o
       148         28          0          0          0       2633   stm32f4xx_hal_tim_ex.o
      1284         30          0          0          0      12048   stm32f4xx_hal_uart.o
       220         60          0          0         56       7534   stm32f4xx_it.o
        28          6         24          4          0       1263   system_stm32f4xx.o
       156         10          0          0         64       1834   tim.o
       442         40          0          0        172       3974   usart.o
       212         10          0          0        264       1910   yuntab.o

    ----------------------------------------------------------------------
     13414        772        516         80       2620     939813   Object Totals
         0          0         32          0          0          0   (incl. Generated)
        34          0          4          2          2          0   (incl. Padding)

    ----------------------------------------------------------------------

      Code (inc. data)   RO Data    RW Data    ZI Data      Debug   Library Member Name

       864         94         80          0          0        280   asin.o
       300         42          0          0          0        176   asinf.o
       592         90          0          0          0        184   atan2f.o
       200         20          0          0          0        164   cos.o
       368         46         48          0          0        200   cos_i.o
        84         16          0          0          0        372   dunder.o
        24          0          0          0          0        124   fabs.o
        48          0          0          0          0        124   fpclassify.o
        38          0          0          0          0        116   fpclassifyf.o
        44         12          0          0          0        464   funder.o
       248          0          0          0          0        152   poly.o
      1080        142        200          0          0        188   rred.o
       200         20          0          0          0        164   sin.o
       304         24         40          0          0        208   sin_i.o
       232          0          0          0          0        296   sqrt.o
        62          0          0          0          0        136   sqrtf.o
         0          0          0          0          0          0   entry.o
         0          0          0          0          0          0   entry10a.o
         0          0          0          0          0          0   entry11a.o
         8          4          0          0          0          0   entry2.o
         4          0          0          0          0          0   entry5.o
         0          0          0          0          0          0   entry7b.o
         0          0          0          0          0          0   entry8b.o
         8          4          0          0          0          0   entry9a.o
        12          6          0          4          0         68   errno.o
        30          0          0          0          0          0   handlers.o
        36          8          0          0          0         68   init.o
         0          0          0          0          0          0   iusefp.o
        30          0          0          0          0         68   llshl.o
        36          0          0          0          0         68   llsshr.o
        32          0          0          0          0         68   llushr.o
       108         16          0          0          0         84   malloc.o
        36          0          0          0          0         68   memcpya.o
        36          0          0          0          0        108   memseta.o
         0          0          0          8          0          0   mvars.o
        98          0          0          0          0         92   uldiv.o
        56          0          0          0          0         88   d2f.o
       334          0          0          0          0        148   dadd.o
       222          0          0          0          0        100   ddiv.o
       186          0          0          0          0        176   depilogue.o
        62          0          0          0          0         80   dfixi.o
        34          0          0          0          0         76   dflti.o
        26          0          0          0          0         76   dfltui.o
       228          0          0          0          0         96   dmul.o
       162          0          0          0          0        100   dsqrt.o
        38          0          0          0          0         68   f2d.o
       110          0          0          0          0        168   fepilogue.o

    ----------------------------------------------------------------------
      6638        548        368         12          0       5216   Library Totals
        18          4          0          0          0          0   (incl. Padding)

    ----------------------------------------------------------------------

      Code (inc. data)   RO Data    RW Data    ZI Data      Debug   Library Name

      4688        506        368          0          0       3348   m_wm.l
       474         38          0         12          0        692   mc_w.l
      1458          0          0          0          0       1176   mf_w.l

    ----------------------------------------------------------------------
      6638        548        368         12          0       5216   Library Totals

    ----------------------------------------------------------------------

==============================================================================


      Code (inc. data)   RO Data    RW Data    ZI Data      Debug   

     20052       1320        884         92       2620     929349   Grand Totals
     20052       1320        884         92       2620     929349   ELF Image Totals
     20052       1320        884         92          0          0   ROM Totals

==============================================================================

    Total RO  Size (Code + RO Data)                20936 (  20.45kB)
    Total RW  Size (RW Data + ZI Data)              2712 (   2.65kB)
    Total ROM Size (Code + RO Data + RW Data)      21028 (  20.54kB)

==============================================================================

